# Logfile created on 2026-09-12 18:52:01 +0600 by logger.rb/v1.5.3
2026-09-12 18:52:01 +0600: Memory Usage (438496K) : Starting running SG13G2 Klayout LVS runset on /home/rupok/Downloads/IHP__PA9203/PA9203-main/layout/klayout/PA9203.gds
2026-09-12 18:52:01 +0600: Memory Usage (438496K) : Ruby Version for klayout: 3.2.3
2026-09-12 18:52:01 +0600: Memory Usage (441824K) : Loading database to memory is complete.
2026-09-12 18:52:01 +0600: Memory Usage (441824K) : SG13G2 Klayout LVS runset output at: /home/rupok/Downloads/IHP__PA9203/PA9203-main/layout/klayout/lvs_run_PA9203_2026_09_12_18_51_59/PA9203.lvsdb
2026-09-12 18:52:01 +0600: Memory Usage (441824K) : Evaluate switches.
2026-09-12 18:52:01 +0600: Memory Usage (441824K) : Extracted netlist with net names: true
2026-09-12 18:52:01 +0600: Memory Usage (441824K) : Extracted netlist with comments in details: false
2026-09-12 18:52:01 +0600: Memory Usage (441824K) : Selected NET_ONLY option: false
2026-09-12 18:52:01 +0600: Memory Usage (441824K) : Selected LAYOUT_NETLIST option: (none)
2026-09-12 18:52:01 +0600: Memory Usage (441824K) : Selected IGNORE_TOP_PORTS_MISMATCH option: 
2026-09-12 18:52:01 +0600: Memory Usage (441824K) : Selected IMPLICIT_NETS option: (none)
2026-09-12 18:52:01 +0600: Memory Usage (441824K) : Selected TOP_LVL_PINS option: false
2026-09-12 18:52:01 +0600: Memory Usage (441824K) : Selected COMBINE DEVICES option: false
2026-09-12 18:52:01 +0600: Memory Usage (441824K) : Selected PURGE option: false
2026-09-12 18:52:01 +0600: Memory Usage (441824K) : Selected PURGE_NETS option: false
2026-09-12 18:52:01 +0600: Memory Usage (441824K) : Selected SIMPLIFY option: true
2026-09-12 18:52:01 +0600: Memory Usage (441824K) : Selected SERIES_RES option: true
2026-09-12 18:52:01 +0600: Memory Usage (441824K) : Selected PARALLEL_RES option: true
2026-09-12 18:52:01 +0600: Memory Usage (441824K) : Selected DISABLE_TAP_EXTRACTION option: false
2026-09-12 18:52:01 +0600: Memory Usage (441824K) : deep  mode is enabled.
2026-09-12 18:52:01 +0600: Memory Usage (442080K) : Netlist file: /home/rupok/Downloads/IHP__PA9203/PA9203-main/netlist/schematic/PA9203.cdl
2026-09-12 18:52:01 +0600: Memory Usage (442080K) : LVS extracted netlist at: /home/rupok/Downloads/IHP__PA9203/PA9203-main/layout/klayout/lvs_run_PA9203_2026_09_12_18_51_59/PA9203_extracted.cir
2026-09-12 18:52:01 +0600: Memory Usage (442080K) : Applying SRAM integration support.
2026-09-12 18:52:01 +0600: Memory Usage (442080K) : Starting SG13G2 LVS runset
2026-09-12 18:52:01 +0600: Memory Usage (442080K) : Read in polygons from layers.
2026-09-12 18:52:01 +0600: Memory Usage (443616K) : activ_drw has 56 polygons
2026-09-12 18:52:01 +0600: Memory Usage (443872K) : activ_filler has 39746 polygons
2026-09-12 18:52:01 +0600: Memory Usage (443872K) : activ has 39802 polygons
2026-09-12 18:52:01 +0600: Memory Usage (443872K) : activ_pin has 0 polygons
2026-09-12 18:52:01 +0600: Memory Usage (444128K) : activ_mask has 20 polygons
2026-09-12 18:52:01 +0600: Memory Usage (444128K) : activ_nofill has 8 polygons
2026-09-12 18:52:01 +0600: Memory Usage (444128K) : activ_OPC has 0 polygons
2026-09-12 18:52:01 +0600: Memory Usage (444384K) : activ_iOPC has 0 polygons
2026-09-12 18:52:01 +0600: Memory Usage (444384K) : activ_noqrc has 0 polygons
2026-09-12 18:52:01 +0600: Memory Usage (444384K) : biwind_drw has 0 polygons
2026-09-12 18:52:01 +0600: Memory Usage (444640K) : biwind_OPC has 0 polygons
2026-09-12 18:52:01 +0600: Memory Usage (444640K) : gatpoly_drw has 8 polygons
2026-09-12 18:52:01 +0600: Memory Usage (444640K) : gatpoly_filler has 39746 polygons
2026-09-12 18:52:01 +0600: Memory Usage (444640K) : gatpoly has 39754 polygons
2026-09-12 18:52:01 +0600: Memory Usage (444896K) : gatpoly_pin has 0 polygons
2026-09-12 18:52:01 +0600: Memory Usage (444896K) : gatpoly_nofill has 8 polygons
2026-09-12 18:52:01 +0600: Memory Usage (444896K) : gatpoly_OPC has 0 polygons
2026-09-12 18:52:01 +0600: Memory Usage (445152K) : gatpoly_iOPC has 0 polygons
2026-09-12 18:52:01 +0600: Memory Usage (445152K) : gatpoly_noqrc has 0 polygons
2026-09-12 18:52:01 +0600: Memory Usage (445408K) : cont_drw has 308 polygons
2026-09-12 18:52:01 +0600: Memory Usage (445408K) : cont_OPC has 0 polygons
2026-09-12 18:52:01 +0600: Memory Usage (445664K) : nsd_drw has 0 polygons
2026-09-12 18:52:01 +0600: Memory Usage (445664K) : nsd_block has 20 polygons
2026-09-12 18:52:01 +0600: Memory Usage (445664K) : metal1_drw has 37086 polygons
2026-09-12 18:52:01 +0600: Memory Usage (445920K) : metal1_filler has 0 polygons
2026-09-12 18:52:01 +0600: Memory Usage (445920K) : metal1_slit has 0 polygons
2026-09-12 18:52:01 +0600: Memory Usage (446176K) : metal1 has 37086 polygons
2026-09-12 18:52:01 +0600: Memory Usage (446176K) : metal1_pin has 25 polygons
2026-09-12 18:52:01 +0600: Memory Usage (446432K) : metal1_mask has 0 polygons
2026-09-12 18:52:01 +0600: Memory Usage (446432K) : metal1_nofill has 14 polygons
2026-09-12 18:52:01 +0600: Memory Usage (446432K) : metal1_text has 5 polygons
2026-09-12 18:52:01 +0600: Memory Usage (446688K) : metal1_OPC has 0 polygons
2026-09-12 18:52:01 +0600: Memory Usage (446688K) : metal1_noqrc has 0 polygons
2026-09-12 18:52:01 +0600: Memory Usage (446688K) : metal1_res has 0 polygons
2026-09-12 18:52:01 +0600: Memory Usage (446688K) : metal1_iprobe has 0 polygons
2026-09-12 18:52:01 +0600: Memory Usage (446944K) : metal1_diffprb has 0 polygons
2026-09-12 18:52:01 +0600: Memory Usage (446944K) : passiv_drw has 24 polygons
2026-09-12 18:52:01 +0600: Memory Usage (446944K) : passiv_pin has 0 polygons
2026-09-12 18:52:01 +0600: Memory Usage (447200K) : passiv_sbump has 0 polygons
2026-09-12 18:52:01 +0600: Memory Usage (447200K) : passiv_pillar has 0 polygons
2026-09-12 18:52:01 +0600: Memory Usage (447200K) : passiv_pdl has 0 polygons
2026-09-12 18:52:01 +0600: Memory Usage (447200K) : metal2_drw has 58245 polygons
2026-09-12 18:52:01 +0600: Memory Usage (447456K) : metal2_filler has 0 polygons
2026-09-12 18:52:01 +0600: Memory Usage (447456K) : metal2_slit has 0 polygons
2026-09-12 18:52:01 +0600: Memory Usage (447712K) : metal2 has 58245 polygons
2026-09-12 18:52:01 +0600: Memory Usage (447968K) : metal2_pin has 2 polygons
2026-09-12 18:52:01 +0600: Memory Usage (447968K) : metal2_mask has 0 polygons
2026-09-12 18:52:01 +0600: Memory Usage (447968K) : metal2_nofill has 14 polygons
2026-09-12 18:52:01 +0600: Memory Usage (448224K) : metal2_text has 0 polygons
2026-09-12 18:52:01 +0600: Memory Usage (448224K) : metal2_OPC has 0 polygons
2026-09-12 18:52:01 +0600: Memory Usage (448224K) : metal2_noqrc has 0 polygons
2026-09-12 18:52:01 +0600: Memory Usage (448224K) : metal2_res has 0 polygons
2026-09-12 18:52:01 +0600: Memory Usage (448480K) : metal2_iprobe has 0 polygons
2026-09-12 18:52:01 +0600: Memory Usage (448480K) : metal2_diffprb has 0 polygons
2026-09-12 18:52:01 +0600: Memory Usage (448480K) : baspoly_drw has 0 polygons
2026-09-12 18:52:01 +0600: Memory Usage (448480K) : baspoly_pin has 0 polygons
2026-09-12 18:52:01 +0600: Memory Usage (448480K) : psd_drw has 40 polygons
2026-09-12 18:52:01 +0600: Memory Usage (448480K) : nldb_drw has 0 polygons
2026-09-12 18:52:01 +0600: Memory Usage (448480K) : digibnd_drw has 0 polygons
2026-09-12 18:52:01 +0600: Memory Usage (448736K) : via1_drw has 1057254 polygons
2026-09-12 18:52:01 +0600: Memory Usage (449248K) : backmetal1_drw has 0 polygons
2026-09-12 18:52:01 +0600: Memory Usage (449248K) : backmetal1_pin has 0 polygons
2026-09-12 18:52:01 +0600: Memory Usage (449248K) : backmetal1_mask has 0 polygons
2026-09-12 18:52:01 +0600: Memory Usage (449504K) : backmetal1_filler has 0 polygons
2026-09-12 18:52:01 +0600: Memory Usage (449504K) : backmetal1_nofill has 0 polygons
2026-09-12 18:52:01 +0600: Memory Usage (449504K) : backmetal1_slit has 0 polygons
2026-09-12 18:52:01 +0600: Memory Usage (449504K) : backmetal1_text has 0 polygons
2026-09-12 18:52:01 +0600: Memory Usage (449760K) : backmetal1_OPC has 0 polygons
2026-09-12 18:52:01 +0600: Memory Usage (449760K) : backmetal1_noqrc has 0 polygons
2026-09-12 18:52:01 +0600: Memory Usage (449760K) : backmetal1_res has 0 polygons
2026-09-12 18:52:01 +0600: Memory Usage (450016K) : backmetal1_iprobe has 0 polygons
2026-09-12 18:52:01 +0600: Memory Usage (450016K) : backmetal1_diffprb has 0 polygons
2026-09-12 18:52:01 +0600: Memory Usage (450016K) : backpassiv_drw has 0 polygons
2026-09-12 18:52:01 +0600: Memory Usage (450272K) : res_drw has 0 polygons
2026-09-12 18:52:01 +0600: Memory Usage (450272K) : sram_drw has 0 polygons
2026-09-12 18:52:01 +0600: Memory Usage (450272K) : trans_drw has 2 polygons
2026-09-12 18:52:01 +0600: Memory Usage (450272K) : ind_drw has 0 polygons
2026-09-12 18:52:01 +0600: Memory Usage (450528K) : ind_pin has 0 polygons
2026-09-12 18:52:01 +0600: Memory Usage (450528K) : ind_text has 0 polygons
2026-09-12 18:52:01 +0600: Memory Usage (450528K) : salblock_drw has 2 polygons
2026-09-12 18:52:01 +0600: Memory Usage (450784K) : via2_drw has 664919 polygons
2026-09-12 18:52:01 +0600: Memory Usage (451296K) : metal3_drw has 57494 polygons
2026-09-12 18:52:01 +0600: Memory Usage (451552K) : metal3_filler has 0 polygons
2026-09-12 18:52:01 +0600: Memory Usage (451552K) : metal3_slit has 2771 polygons
2026-09-12 18:52:01 +0600: Memory Usage (457952K) : metal3 has 58771 polygons
2026-09-12 18:52:01 +0600: Memory Usage (458208K) : metal3_pin has 3 polygons
2026-09-12 18:52:01 +0600: Memory Usage (458208K) : metal3_mask has 0 polygons
2026-09-12 18:52:01 +0600: Memory Usage (458208K) : metal3_nofill has 45 polygons
2026-09-12 18:52:01 +0600: Memory Usage (458208K) : metal3_text has 3 polygons
2026-09-12 18:52:01 +0600: Memory Usage (458208K) : metal3_OPC has 0 polygons
2026-09-12 18:52:01 +0600: Memory Usage (458464K) : metal3_noqrc has 0 polygons
2026-09-12 18:52:01 +0600: Memory Usage (458464K) : metal3_res has 0 polygons
2026-09-12 18:52:01 +0600: Memory Usage (458464K) : metal3_iprobe has 0 polygons
2026-09-12 18:52:01 +0600: Memory Usage (458720K) : metal3_diffprb has 0 polygons
2026-09-12 18:52:01 +0600: Memory Usage (458720K) : nwell_drw has 0 polygons
2026-09-12 18:52:01 +0600: Memory Usage (458720K) : nwell_pin has 0 polygons
2026-09-12 18:52:01 +0600: Memory Usage (458720K) : nwell_text has 0 polygons
2026-09-12 18:52:01 +0600: Memory Usage (458976K) : nbulay_drw has 0 polygons
2026-09-12 18:52:01 +0600: Memory Usage (458976K) : nbulay_pin has 0 polygons
2026-09-12 18:52:01 +0600: Memory Usage (458976K) : nbulay_block has 0 polygons
2026-09-12 18:52:01 +0600: Memory Usage (459232K) : emwind_drw has 20 polygons
2026-09-12 18:52:01 +0600: Memory Usage (459232K) : emwind_OPC has 0 polygons
2026-09-12 18:52:01 +0600: Memory Usage (459232K) : deepco_drw has 0 polygons
2026-09-12 18:52:01 +0600: Memory Usage (459232K) : mim_drw has 0 polygons
2026-09-12 18:52:01 +0600: Memory Usage (459488K) : edgeseal_drw has 24 polygons
2026-09-12 18:52:01 +0600: Memory Usage (459488K) : substrate_drw has 0 polygons
2026-09-12 18:52:01 +0600: Memory Usage (459488K) : substrate_text has 0 polygons
2026-09-12 18:52:01 +0600: Memory Usage (459744K) : dfpad_drw has 12 polygons
2026-09-12 18:52:01 +0600: Memory Usage (459744K) : dfpad_pillar has 0 polygons
2026-09-12 18:52:01 +0600: Memory Usage (459744K) : dfpad_sbump has 0 polygons
2026-09-12 18:52:01 +0600: Memory Usage (460000K) : thickgateox_drw has 0 polygons
2026-09-12 18:52:01 +0600: Memory Usage (460000K) : pldb_drw has 0 polygons
2026-09-12 18:52:01 +0600: Memory Usage (460000K) : pwell_drw has 0 polygons
2026-09-12 18:52:01 +0600: Memory Usage (460000K) : pwell_pin has 0 polygons
2026-09-12 18:52:01 +0600: Memory Usage (460256K) : pwell_block has 0 polygons
2026-09-12 18:52:01 +0600: Memory Usage (460256K) : ic_drw has 0 polygons
2026-09-12 18:52:01 +0600: Memory Usage (460512K) : via3_drw has 666967 polygons
2026-09-12 18:52:01 +0600: Memory Usage (461024K) : metal4_drw has 68233 polygons
2026-09-12 18:52:01 +0600: Memory Usage (461024K) : metal4_filler has 0 polygons
2026-09-12 18:52:01 +0600: Memory Usage (461280K) : metal4_slit has 0 polygons
2026-09-12 18:52:01 +0600: Memory Usage (461280K) : metal4 has 68233 polygons
2026-09-12 18:52:01 +0600: Memory Usage (461536K) : metal4_pin has 0 polygons
2026-09-12 18:52:01 +0600: Memory Usage (461536K) : metal4_mask has 0 polygons
2026-09-12 18:52:01 +0600: Memory Usage (461536K) : metal4_nofill has 21 polygons
2026-09-12 18:52:01 +0600: Memory Usage (461792K) : metal4_text has 0 polygons
2026-09-12 18:52:01 +0600: Memory Usage (461792K) : metal4_OPC has 0 polygons
2026-09-12 18:52:01 +0600: Memory Usage (461792K) : metal4_noqrc has 0 polygons
2026-09-12 18:52:01 +0600: Memory Usage (462048K) : metal4_res has 0 polygons
2026-09-12 18:52:01 +0600: Memory Usage (462048K) : metal4_iprobe has 0 polygons
2026-09-12 18:52:01 +0600: Memory Usage (462048K) : metal4_diffprb has 0 polygons
2026-09-12 18:52:01 +0600: Memory Usage (462304K) : heattrans_drw has 20 polygons
2026-09-12 18:52:01 +0600: Memory Usage (462304K) : heatres_drw has 2 polygons
2026-09-12 18:52:01 +0600: Memory Usage (462304K) : fbe_drw has 0 polygons
2026-09-12 18:52:01 +0600: Memory Usage (462304K) : empoly_drw has 0 polygons
2026-09-12 18:52:01 +0600: Memory Usage (462560K) : digisub_drw has 0 polygons
2026-09-12 18:52:01 +0600: Memory Usage (462560K) : text_drw has 14 polygons
2026-09-12 18:52:01 +0600: Memory Usage (462816K) : via4_drw has 1451263 polygons
2026-09-12 18:52:01 +0600: Memory Usage (463328K) : metal5_drw has 68202 polygons
2026-09-12 18:52:01 +0600: Memory Usage (463328K) : metal5_filler has 0 polygons
2026-09-12 18:52:01 +0600: Memory Usage (463328K) : metal5_slit has 0 polygons
2026-09-12 18:52:01 +0600: Memory Usage (463584K) : metal5 has 68202 polygons
2026-09-12 18:52:01 +0600: Memory Usage (463840K) : metal5_pin has 8 polygons
2026-09-12 18:52:01 +0600: Memory Usage (463840K) : metal5_mask has 0 polygons
2026-09-12 18:52:01 +0600: Memory Usage (463840K) : metal5_nofill has 21 polygons
2026-09-12 18:52:01 +0600: Memory Usage (464096K) : metal5_text has 0 polygons
2026-09-12 18:52:01 +0600: Memory Usage (464096K) : metal5_OPC has 0 polygons
2026-09-12 18:52:01 +0600: Memory Usage (464096K) : metal5_noqrc has 0 polygons
2026-09-12 18:52:01 +0600: Memory Usage (464352K) : metal5_res has 4 polygons
2026-09-12 18:52:01 +0600: Memory Usage (464352K) : metal5_iprobe has 0 polygons
2026-09-12 18:52:01 +0600: Memory Usage (464352K) : metal5_diffprb has 0 polygons
2026-09-12 18:52:01 +0600: Memory Usage (464352K) : radhard_drw has 0 polygons
2026-09-12 18:52:01 +0600: Memory Usage (464608K) : memcap_drw has 0 polygons
2026-09-12 18:52:01 +0600: Memory Usage (464608K) : varicap_drw has 0 polygons
2026-09-12 18:52:01 +0600: Memory Usage (464608K) : intbondvia_drw has 0 polygons
2026-09-12 18:52:01 +0600: Memory Usage (464864K) : intbondmet_drw has 0 polygons
2026-09-12 18:52:01 +0600: Memory Usage (464864K) : devbondvia_drw has 0 polygons
2026-09-12 18:52:01 +0600: Memory Usage (464864K) : devbondmet_drw has 0 polygons
2026-09-12 18:52:01 +0600: Memory Usage (465120K) : devtrench_drw has 0 polygons
2026-09-12 18:52:01 +0600: Memory Usage (465120K) : redist_drw has 0 polygons
2026-09-12 18:52:01 +0600: Memory Usage (465120K) : graphbot_drw has 0 polygons
2026-09-12 18:52:01 +0600: Memory Usage (465120K) : graphtop_drw has 0 polygons
2026-09-12 18:52:01 +0600: Memory Usage (465376K) : antvia1_drw has 0 polygons
2026-09-12 18:52:01 +0600: Memory Usage (465376K) : antmetal2_drw has 0 polygons
2026-09-12 18:52:01 +0600: Memory Usage (465376K) : graphcont_drw has 0 polygons
2026-09-12 18:52:01 +0600: Memory Usage (465632K) : siwg_drw has 0 polygons
2026-09-12 18:52:01 +0600: Memory Usage (465632K) : siwg_filler has 0 polygons
2026-09-12 18:52:01 +0600: Memory Usage (465632K) : siwg_nofill has 0 polygons
2026-09-12 18:52:01 +0600: Memory Usage (465888K) : sigrating_drw has 0 polygons
2026-09-12 18:52:01 +0600: Memory Usage (465888K) : singrating_drw has 0 polygons
2026-09-12 18:52:01 +0600: Memory Usage (465888K) : graphpas_drw has 0 polygons
2026-09-12 18:52:01 +0600: Memory Usage (465888K) : emwind3_drw has 0 polygons
2026-09-12 18:52:01 +0600: Memory Usage (466144K) : emwihv3_drw has 0 polygons
2026-09-12 18:52:01 +0600: Memory Usage (466144K) : redbulay_drw has 0 polygons
2026-09-12 18:52:01 +0600: Memory Usage (466144K) : smos_drw has 0 polygons
2026-09-12 18:52:01 +0600: Memory Usage (466400K) : graphpad_drw has 0 polygons
2026-09-12 18:52:01 +0600: Memory Usage (466400K) : polimide_drw has 0 polygons
2026-09-12 18:52:01 +0600: Memory Usage (466400K) : polimide_pin has 0 polygons
2026-09-12 18:52:01 +0600: Memory Usage (466400K) : recog_drw has 0 polygons
2026-09-12 18:52:01 +0600: Memory Usage (466656K) : recog_pin has 0 polygons
2026-09-12 18:52:01 +0600: Memory Usage (466656K) : recog_esd has 0 polygons
2026-09-12 18:52:01 +0600: Memory Usage (466656K) : recog_diode has 0 polygons
2026-09-12 18:52:01 +0600: Memory Usage (466912K) : recog_tsv has 0 polygons
2026-09-12 18:52:01 +0600: Memory Usage (466912K) : recog_iprobe has 0 polygons
2026-09-12 18:52:01 +0600: Memory Usage (466912K) : recog_diffprb has 0 polygons
2026-09-12 18:52:01 +0600: Memory Usage (467168K) : recog_pillar has 0 polygons
2026-09-12 18:52:01 +0600: Memory Usage (467168K) : recog_sbump has 0 polygons
2026-09-12 18:52:01 +0600: Memory Usage (467168K) : recog_otp has 0 polygons
2026-09-12 18:52:01 +0600: Memory Usage (467168K) : recog_pdiode has 0 polygons
2026-09-12 18:52:01 +0600: Memory Usage (467424K) : recog_mom has 0 polygons
2026-09-12 18:52:01 +0600: Memory Usage (467424K) : recog_momf has 0 polygons
2026-09-12 18:52:01 +0600: Memory Usage (467424K) : recog_pcm has 0 polygons
2026-09-12 18:52:01 +0600: Memory Usage (467680K) : colopen_drw has 0 polygons
2026-09-12 18:52:01 +0600: Memory Usage (467680K) : graphmetal1_drw has 0 polygons
2026-09-12 18:52:01 +0600: Memory Usage (467680K) : graphmetal1_filler has 0 polygons
2026-09-12 18:52:01 +0600: Memory Usage (467936K) : graphmetal1_nofill has 0 polygons
2026-09-12 18:52:01 +0600: Memory Usage (467936K) : graphmetal1_slit has 0 polygons
2026-09-12 18:52:01 +0600: Memory Usage (467936K) : graphmetal1_OPC has 0 polygons
2026-09-12 18:52:01 +0600: Memory Usage (467936K) : graphmet1l_drw has 0 polygons
2026-09-12 18:52:01 +0600: Memory Usage (468192K) : graphmet1l_filler has 0 polygons
2026-09-12 18:52:01 +0600: Memory Usage (468192K) : graphmet1l_nofill has 0 polygons
2026-09-12 18:52:01 +0600: Memory Usage (468192K) : graphmet1l_slit has 0 polygons
2026-09-12 18:52:01 +0600: Memory Usage (468448K) : graphmet1l_OPC has 0 polygons
2026-09-12 18:52:01 +0600: Memory Usage (468448K) : extblock_drw has 6 polygons
2026-09-12 18:52:01 +0600: Memory Usage (468448K) : nldd_drw has 0 polygons
2026-09-12 18:52:01 +0600: Memory Usage (468704K) : pldd_drw has 0 polygons
2026-09-12 18:52:01 +0600: Memory Usage (468704K) : next_drw has 0 polygons
2026-09-12 18:52:01 +0600: Memory Usage (468704K) : pext_drw has 0 polygons
2026-09-12 18:52:01 +0600: Memory Usage (468704K) : nexthv_drw has 0 polygons
2026-09-12 18:52:01 +0600: Memory Usage (468960K) : pexthv_drw has 0 polygons
2026-09-12 18:52:01 +0600: Memory Usage (468960K) : graphgate_drw has 0 polygons
2026-09-12 18:52:01 +0600: Memory Usage (468960K) : sinwg_drw has 0 polygons
2026-09-12 18:52:01 +0600: Memory Usage (469216K) : sinwg_filler has 0 polygons
2026-09-12 18:52:01 +0600: Memory Usage (469216K) : sinwg_nofill has 0 polygons
2026-09-12 18:52:01 +0600: Memory Usage (469216K) : mempad_drw has 0 polygons
2026-09-12 18:52:01 +0600: Memory Usage (469472K) : topvia1_drw has 115559 polygons
2026-09-12 18:52:01 +0600: Memory Usage (469728K) : topmetal1_drw has 47881 polygons
2026-09-12 18:52:01 +0600: Memory Usage (469728K) : topmetal1_filler has 0 polygons
2026-09-12 18:52:01 +0600: Memory Usage (469984K) : topmetal1_slit has 0 polygons
2026-09-12 18:52:01 +0600: Memory Usage (469984K) : topmetal1 has 47881 polygons
2026-09-12 18:52:01 +0600: Memory Usage (469984K) : topmetal1_pin has 0 polygons
2026-09-12 18:52:01 +0600: Memory Usage (470240K) : topmetal1_mask has 0 polygons
2026-09-12 18:52:01 +0600: Memory Usage (470240K) : topmetal1_nofill has 21 polygons
2026-09-12 18:52:01 +0600: Memory Usage (470240K) : topmetal1_text has 0 polygons
2026-09-12 18:52:01 +0600: Memory Usage (470496K) : topmetal1_noqrc has 0 polygons
2026-09-12 18:52:01 +0600: Memory Usage (470496K) : topmetal1_res has 0 polygons
2026-09-12 18:52:01 +0600: Memory Usage (470496K) : topmetal1_iprobe has 0 polygons
2026-09-12 18:52:01 +0600: Memory Usage (470496K) : topmetal1_diffprb has 0 polygons
2026-09-12 18:52:01 +0600: Memory Usage (470752K) : inldpwl_drw has 0 polygons
2026-09-12 18:52:01 +0600: Memory Usage (470752K) : polyres_drw has 2 polygons
2026-09-12 18:52:01 +0600: Memory Usage (470752K) : polyres_pin has 0 polygons
2026-09-12 18:52:01 +0600: Memory Usage (471008K) : vmim_drw has 0 polygons
2026-09-12 18:52:01 +0600: Memory Usage (471008K) : nbulaycut_drw has 0 polygons
2026-09-12 18:52:01 +0600: Memory Usage (471008K) : antmetal1_drw has 0 polygons
2026-09-12 18:52:01 +0600: Memory Usage (471264K) : topvia2_drw has 41647 polygons
2026-09-12 18:52:01 +0600: Memory Usage (471264K) : topmetal2_drw has 24930 polygons
2026-09-12 18:52:01 +0600: Memory Usage (471264K) : topmetal2_filler has 0 polygons
2026-09-12 18:52:01 +0600: Memory Usage (471264K) : topmetal2_slit has 159 polygons
2026-09-12 18:52:01 +0600: Memory Usage (471264K) : topmetal2 has 25035 polygons
2026-09-12 18:52:01 +0600: Memory Usage (471264K) : topmetal2_pin has 70 polygons
2026-09-12 18:52:01 +0600: Memory Usage (471264K) : topmetal2_mask has 0 polygons
2026-09-12 18:52:01 +0600: Memory Usage (471520K) : topmetal2_nofill has 15 polygons
2026-09-12 18:52:01 +0600: Memory Usage (471520K) : topmetal2_text has 30 polygons
2026-09-12 18:52:01 +0600: Memory Usage (471520K) : topmetal2_noqrc has 0 polygons
2026-09-12 18:52:01 +0600: Memory Usage (471520K) : topmetal2_res has 18 polygons
2026-09-12 18:52:01 +0600: Memory Usage (471520K) : topmetal2_iprobe has 0 polygons
2026-09-12 18:52:01 +0600: Memory Usage (471776K) : topmetal2_diffprb has 0 polygons
2026-09-12 18:52:01 +0600: Memory Usage (471776K) : snsring_drw has 0 polygons
2026-09-12 18:52:01 +0600: Memory Usage (471776K) : sensor_drw has 0 polygons
2026-09-12 18:52:01 +0600: Memory Usage (471776K) : snsarms_drw has 0 polygons
2026-09-12 18:52:01 +0600: Memory Usage (472032K) : snscmosvia_drw has 0 polygons
2026-09-12 18:52:01 +0600: Memory Usage (472032K) : colwind_drw has 0 polygons
2026-09-12 18:52:01 +0600: Memory Usage (472032K) : flm_drw has 0 polygons
2026-09-12 18:52:01 +0600: Memory Usage (472032K) : hafniumox_drw has 0 polygons
2026-09-12 18:52:01 +0600: Memory Usage (472288K) : memvia_drw has 0 polygons
2026-09-12 18:52:01 +0600: Memory Usage (472288K) : thinfilmres_drw has 0 polygons
2026-09-12 18:52:01 +0600: Memory Usage (472288K) : rfmem_drw has 0 polygons
2026-09-12 18:52:01 +0600: Memory Usage (472288K) : norcx_drw has 0 polygons
2026-09-12 18:52:01 +0600: Memory Usage (472288K) : norcx_m2m3 has 0 polygons
2026-09-12 18:52:01 +0600: Memory Usage (472544K) : norcx_m2m4 has 0 polygons
2026-09-12 18:52:01 +0600: Memory Usage (472544K) : norcx_m2m5 has 0 polygons
2026-09-12 18:52:01 +0600: Memory Usage (472544K) : norcx_m2tm1 has 0 polygons
2026-09-12 18:52:01 +0600: Memory Usage (472544K) : norcx_m2tm2 has 0 polygons
2026-09-12 18:52:01 +0600: Memory Usage (472800K) : norcx_m3m4 has 0 polygons
2026-09-12 18:52:01 +0600: Memory Usage (472800K) : norcx_m3m5 has 0 polygons
2026-09-12 18:52:01 +0600: Memory Usage (472800K) : norcx_m3tm1 has 0 polygons
2026-09-12 18:52:01 +0600: Memory Usage (472800K) : norcx_m3tm2 has 0 polygons
2026-09-12 18:52:01 +0600: Memory Usage (473056K) : norcx_m4m5 has 0 polygons
2026-09-12 18:52:01 +0600: Memory Usage (473056K) : norcx_m4tm1 has 0 polygons
2026-09-12 18:52:01 +0600: Memory Usage (473056K) : norcx_m4tm2 has 0 polygons
2026-09-12 18:52:01 +0600: Memory Usage (473056K) : norcx_m5tm1 has 0 polygons
2026-09-12 18:52:01 +0600: Memory Usage (473312K) : norcx_m5tm2 has 0 polygons
2026-09-12 18:52:01 +0600: Memory Usage (473312K) : norcx_tm1tm2 has 0 polygons
2026-09-12 18:52:01 +0600: Memory Usage (473312K) : norcx_m1sub has 0 polygons
2026-09-12 18:52:01 +0600: Memory Usage (473312K) : norcx_m2sub has 0 polygons
2026-09-12 18:52:01 +0600: Memory Usage (473312K) : norcx_m3sub has 0 polygons
2026-09-12 18:52:01 +0600: Memory Usage (473312K) : norcx_m4sub has 0 polygons
2026-09-12 18:52:01 +0600: Memory Usage (473312K) : norcx_m5sub has 0 polygons
2026-09-12 18:52:01 +0600: Memory Usage (473312K) : norcx_tm1sub has 0 polygons
2026-09-12 18:52:01 +0600: Memory Usage (473312K) : norcx_tm2sub has 0 polygons
2026-09-12 18:52:01 +0600: Memory Usage (473312K) : snsbotvia_drw has 0 polygons
2026-09-12 18:52:01 +0600: Memory Usage (473312K) : snstopvia_drw has 0 polygons
2026-09-12 18:52:01 +0600: Memory Usage (473312K) : deepvia_drw has 0 polygons
2026-09-12 18:52:01 +0600: Memory Usage (473312K) : fgetch_drw has 0 polygons
2026-09-12 18:52:01 +0600: Memory Usage (473312K) : ctrgat_drw has 0 polygons
2026-09-12 18:52:01 +0600: Memory Usage (473312K) : fgimp_drw has 0 polygons
2026-09-12 18:52:01 +0600: Memory Usage (473312K) : emwihv_drw has 0 polygons
2026-09-12 18:52:01 +0600: Memory Usage (473312K) : lbe_drw has 0 polygons
2026-09-12 18:52:01 +0600: Memory Usage (473312K) : alcustop_drw has 0 polygons
2026-09-12 18:52:01 +0600: Memory Usage (473312K) : nometfiller_drw has 0 polygons
2026-09-12 18:52:01 +0600: Memory Usage (473312K) : prboundary_drw has 0 polygons
2026-09-12 18:52:01 +0600: Memory Usage (473312K) : exchange0_drw has 0 polygons
2026-09-12 18:52:01 +0600: Memory Usage (473312K) : exchange0_pin has 0 polygons
2026-09-12 18:52:01 +0600: Memory Usage (473312K) : exchange0_text has 0 polygons
2026-09-12 18:52:01 +0600: Memory Usage (473312K) : exchange1_drw has 0 polygons
2026-09-12 18:52:01 +0600: Memory Usage (473312K) : exchange1_pin has 0 polygons
2026-09-12 18:52:01 +0600: Memory Usage (473568K) : exchange1_text has 0 polygons
2026-09-12 18:52:01 +0600: Memory Usage (473568K) : exchange2_drw has 0 polygons
2026-09-12 18:52:01 +0600: Memory Usage (473568K) : exchange2_pin has 0 polygons
2026-09-12 18:52:01 +0600: Memory Usage (473568K) : exchange2_text has 0 polygons
2026-09-12 18:52:01 +0600: Memory Usage (473824K) : exchange3_drw has 0 polygons
2026-09-12 18:52:01 +0600: Memory Usage (473824K) : exchange3_pin has 0 polygons
2026-09-12 18:52:01 +0600: Memory Usage (473824K) : exchange3_text has 0 polygons
2026-09-12 18:52:01 +0600: Memory Usage (473824K) : exchange4_drw has 0 polygons
2026-09-12 18:52:01 +0600: Memory Usage (473824K) : exchange4_pin has 0 polygons
2026-09-12 18:52:01 +0600: Memory Usage (474080K) : exchange4_text has 0 polygons
2026-09-12 18:52:01 +0600: Memory Usage (474080K) : isonwell_drw has 0 polygons
2026-09-12 18:52:01 +0600: Memory Usage (474080K) : Total no. of polygons in the design is 4443017
2026-09-12 18:52:01 +0600: Memory Usage (474080K) : Starting base layers derivations
2026-09-12 18:52:01 +0600: Memory Usage (474080K) : Starting general LVS derivations
2026-09-12 18:52:01 +0600: Memory Usage (489184K) : Starting MOSFET DERIVATIONS
2026-09-12 18:52:02 +0600: Memory Usage (489184K) : Starting NMOS DERIVATIONS
2026-09-12 18:52:02 +0600: Memory Usage (489184K) : Starting PMOS DERIVATIONS
2026-09-12 18:52:02 +0600: Memory Usage (489184K) : Starting RF-MOSFET DERIVATIONS
2026-09-12 18:52:02 +0600: Memory Usage (489184K) : Starting RF-NMOS DERIVATIONS
2026-09-12 18:52:02 +0600: Memory Usage (489184K) : Starting RF-PMOS DERIVATIONS
2026-09-12 18:52:02 +0600: Memory Usage (489184K) : Starting BJT DERIVATIONS
2026-09-12 18:52:02 +0600: Memory Usage (489184K) : Starting NPN-BJT DERIVATIONS
2026-09-12 18:52:02 +0600: Memory Usage (489440K) : Starting PNP-BJT DERIVATIONS
2026-09-12 18:52:02 +0600: Memory Usage (489440K) : Starting DIODE DERIVATIONS
2026-09-12 18:52:02 +0600: Memory Usage (489440K) : Starting RESISTOR DERIVATIONS
2026-09-12 18:52:02 +0600: Memory Usage (489696K) : Starting CAP DERIVATIONS
2026-09-12 18:52:02 +0600: Memory Usage (491232K) : Starting CAP_CMOM DERIVATIONS
2026-09-12 18:52:02 +0600: Memory Usage (491232K) : Starting CAP_CMOMF DERIVATIONS
2026-09-12 18:52:02 +0600: Memory Usage (491232K) : Starting ESD DERIVATIONS
2026-09-12 18:52:07 +0600: Memory Usage (486684K) : Starting Inductor DERIVATIONS
2026-09-12 18:52:07 +0600: Memory Usage (486684K) : Starting Taps DERIVATIONS
2026-09-12 18:52:07 +0600: Memory Usage (486684K) : Starting SG13G2 LVS connectivity setup
2026-09-12 18:52:07 +0600: Memory Usage (486684K) : Starting SG13G2 LVS connectivity setup (Inter-layer)
2026-09-12 18:52:07 +0600: Memory Usage (486684K) : Starting SG13G2 LVS connectivity setup (Global)
2026-09-12 18:52:07 +0600: Memory Usage (486684K) : Starting LVS MOSFET CONNECTIONS
2026-09-12 18:52:07 +0600: Memory Usage (486684K) : Starting LVS RF-MOSFET CONNECTIONS
2026-09-12 18:52:07 +0600: Memory Usage (486684K) : Starting LVS BJT CONNECTIONS
2026-09-12 18:52:07 +0600: Memory Usage (486684K) : Starting LVS DIODE CONNECTIONS
2026-09-12 18:52:07 +0600: Memory Usage (486684K) : Starting RESISTOR CONNECTIONS
2026-09-12 18:52:07 +0600: Memory Usage (486684K) : Starting LVS CAP CONNECTIONS
2026-09-12 18:52:07 +0600: Memory Usage (486684K) : Starting CAP_CMOM CONNECTIONS
2026-09-12 18:52:07 +0600: Memory Usage (486684K) : Starting CAP_CMOMF CONNECTIONS
2026-09-12 18:52:07 +0600: Memory Usage (486684K) : Starting ESD CONNECTIONS
2026-09-12 18:52:07 +0600: Memory Usage (486684K) : Starting Inductor CONNECTIONS
2026-09-12 18:52:07 +0600: Memory Usage (486684K) : Starting LVS Taps CONNECTIONS
2026-09-12 18:52:07 +0600: Memory Usage (486684K) : Starting SG13G2 LVS DEVICES EXTRACTION
2026-09-12 18:52:07 +0600: Memory Usage (486684K) : Starting MOSFET EXTRACTION
2026-09-12 18:52:07 +0600: Memory Usage (486684K) : Starting NMOS EXTRACTION
2026-09-12 18:52:07 +0600: Memory Usage (486684K) : Extraction of NMOS-LV transistor
2026-09-12 18:52:07 +0600: Memory Usage (486684K) : Extraction of NMOS-HV transistor
2026-09-12 18:52:07 +0600: Memory Usage (486684K) : Starting PMOS EXTRACTION
2026-09-12 18:52:07 +0600: Memory Usage (486684K) : Extraction of PMOS-LV transistor
2026-09-12 18:52:07 +0600: Memory Usage (486684K) : Extraction of PMOS-HV transistor
2026-09-12 18:52:07 +0600: Memory Usage (486684K) : Starting RF-MOSFET EXTRACTION
2026-09-12 18:52:07 +0600: Memory Usage (486684K) : Extraction of RF-NMOS-LV transistor
2026-09-12 18:52:07 +0600: Memory Usage (486684K) : Extraction of RF-NMOS-HV transistor
2026-09-12 18:52:07 +0600: Memory Usage (486684K) : Extraction of RF-PMOS-LV transistor
2026-09-12 18:52:07 +0600: Memory Usage (486684K) : Extraction of RF-PMOS-HV transistor
2026-09-12 18:52:07 +0600: Memory Usage (486684K) : Starting BJT EXTRACTION
2026-09-12 18:52:07 +0600: Memory Usage (486684K) : Starting NPN-BJT EXTRACTION
2026-09-12 18:52:07 +0600: Memory Usage (486684K) : Extraction of npn13G2 BJT transistor
2026-09-12 18:52:07 +0600: Memory Usage (486684K) : Extraction of npn13G2L BJT transistor
2026-09-12 18:52:07 +0600: Memory Usage (486684K) : Extraction of npn13G2V BJT transistor
2026-09-12 18:52:07 +0600: Memory Usage (486684K) : Starting PNP-BJT EXTRACTION
2026-09-12 18:52:07 +0600: Memory Usage (486684K) : Extracting pnpMPA BJT
2026-09-12 18:52:07 +0600: Memory Usage (486684K) : Starting DIODE EXTRACTION
2026-09-12 18:52:07 +0600: Memory Usage (486684K) : Extracting dantenna diode
2026-09-12 18:52:07 +0600: Memory Usage (486684K) : Extracting dpantenna diode
2026-09-12 18:52:07 +0600: Memory Usage (486684K) : Extracting schottky_nbl1 diode
2026-09-12 18:52:07 +0600: Memory Usage (486684K) : Extracting isolbox diode
2026-09-12 18:52:07 +0600: Memory Usage (486684K) : Starting RESISTOR EXTRACTION
2026-09-12 18:52:07 +0600: Memory Usage (486684K) : Extracting rsil resistor
2026-09-12 18:52:07 +0600: Memory Usage (486684K) : Extracting rppd resistor
2026-09-12 18:52:07 +0600: Memory Usage (486940K) : Extracting rhigh resistor
2026-09-12 18:52:07 +0600: Memory Usage (486940K) : Extracting res_metal1 resistor
2026-09-12 18:52:07 +0600: Memory Usage (487708K) : Extracting res_metal2 resistor
2026-09-12 18:52:07 +0600: Memory Usage (487708K) : Extracting res_metal3 resistor
2026-09-12 18:52:07 +0600: Memory Usage (488732K) : Extracting res_metal4 resistor
2026-09-12 18:52:07 +0600: Memory Usage (488732K) : Extracting res_metal5 resistor
2026-09-12 18:52:07 +0600: Memory Usage (488732K) : Extracting res_topmetal1 resistor
2026-09-12 18:52:07 +0600: Memory Usage (488732K) : Extracting res_topmetal2 resistor
2026-09-12 18:52:07 +0600: Memory Usage (488732K) : Starting CAP EXTRACTION
2026-09-12 18:52:07 +0600: Memory Usage (488732K) : Extracting cap_cmim device
2026-09-12 18:52:07 +0600: Memory Usage (488732K) : Extracting rfcmim device
2026-09-12 18:52:07 +0600: Memory Usage (488732K) : Extracting sg13_hv_svaricap varactor
2026-09-12 18:52:07 +0600: Memory Usage (488732K) : Extracting cap_cmomi device
2026-09-12 18:52:07 +0600: Memory Usage (488732K) : Extracting cap_cmomf device
2026-09-12 18:52:07 +0600: Memory Usage (488732K) : Extracting sg13_moscap_n capacitor
2026-09-12 18:52:07 +0600: Memory Usage (488732K) : Extracting sg13_moscap_p capacitor
2026-09-12 18:52:07 +0600: Memory Usage (488732K) : Starting ESD EXTRACTION
2026-09-12 18:52:07 +0600: Memory Usage (488732K) : Extracting diodevdd_2kv ESD device
2026-09-12 18:52:07 +0600: Memory Usage (488732K) : Extracting diodevdd_4kv ESD device
2026-09-12 18:52:07 +0600: Memory Usage (488732K) : Extracting diodevss_2kv ESD device
2026-09-12 18:52:07 +0600: Memory Usage (488732K) : Extracting diodevss_4kv ESD device
2026-09-12 18:52:07 +0600: Memory Usage (488732K) : Extracting idiodevdd_2kv ESD device
2026-09-12 18:52:07 +0600: Memory Usage (488732K) : Extracting idiodevdd_4kv ESD device
2026-09-12 18:52:07 +0600: Memory Usage (488732K) : Extracting idiodevss_2kv ESD device
2026-09-12 18:52:07 +0600: Memory Usage (488732K) : Extracting idiodevss_4kv ESD device
2026-09-12 18:52:07 +0600: Memory Usage (488732K) : Extracting nmoscl_2 ESD device
2026-09-12 18:52:07 +0600: Memory Usage (488732K) : Extracting nmoscl_4 ESD device
2026-09-12 18:52:07 +0600: Memory Usage (488732K) : Starting Inductor EXTRACTION
2026-09-12 18:52:07 +0600: Memory Usage (488732K) : Extracting Inductor2 device
2026-09-12 18:52:07 +0600: Memory Usage (488732K) : Extracting Inductor3 device
2026-09-12 18:52:07 +0600: Memory Usage (488732K) : Starting Taps EXTRACTION
2026-09-12 18:52:07 +0600: Memory Usage (488732K) : Extracting ntap1 device
2026-09-12 18:52:07 +0600: Memory Usage (488732K) : Extracting ptap1 device
2026-09-12 18:52:07 +0600: Memory Usage (488732K) : Starting SG13G2 LVS RF MOS Model Mapping
2026-09-12 18:52:13 +0600: Memory Usage (537116K) : [layout_netlist] Apply RF MOS model mapping and rfmode parameter.
2026-09-12 18:52:13 +0600: Memory Usage (537116K) : Starting SG13G2 LVS Options Preparations
2026-09-12 18:52:13 +0600: Memory Usage (537116K) : SG13G2 LVS flow: extraction -> alignment -> option preparation -> comparison.
2026-09-12 18:52:13 +0600: Memory Usage (537116K) : Starting SG13G2 LVS Alignment
2026-09-12 18:52:13 +0600: Memory Usage (564328K) : Starting SG13G2 LVS Simplification
2026-09-12 18:52:13 +0600: Memory Usage (564328K) : [layout_netlist] simplify: ENABLED
2026-09-12 18:52:13 +0600: Memory Usage (564840K) : [layout_netlist] make_top_level_pins: SKIPPED
2026-09-12 18:52:13 +0600: Memory Usage (564840K) : [layout_netlist] combine_devices: SKIPPED
2026-09-12 18:52:13 +0600: Memory Usage (564840K) : [layout_netlist] purge: SKIPPED
2026-09-12 18:52:13 +0600: Memory Usage (564840K) : [layout_netlist] purge_nets: SKIPPED
2026-09-12 18:52:13 +0600: Memory Usage (564840K) : [layout_netlist] purge_devices: SKIPPED
2026-09-12 18:52:13 +0600: Memory Usage (564840K) : [schematic_netlist] simplify: ENABLED
2026-09-12 18:52:13 +0600: Memory Usage (564840K) : [schematic_netlist] make_top_level_pins: SKIPPED
2026-09-12 18:52:13 +0600: Memory Usage (564840K) : [schematic_netlist] combine_devices: SKIPPED
2026-09-12 18:52:13 +0600: Memory Usage (564840K) : [schematic_netlist] purge: SKIPPED
2026-09-12 18:52:13 +0600: Memory Usage (564840K) : [schematic_netlist] purge_nets: SKIPPED
2026-09-12 18:52:13 +0600: Memory Usage (564840K) : [schematic_netlist] purge_devices: SKIPPED
2026-09-12 18:52:13 +0600: Memory Usage (564840K) : Starting SG13G2 LVS Comparison in strict port mode.
2026-09-12 18:52:13 +0600: Memory Usage (564840K) : flag_missing_ports enabled: missing/mislabeled top-level ports are treated as errors.
2026-09-12 18:52:13 +0600: Memory Usage (565096K) : ==========================================
2026-09-12 18:52:13 +0600: Memory Usage (565096K) : INFO : Congratulations! Netlists match.
2026-09-12 18:52:13 +0600: Memory Usage (565096K) : ==========================================
2026-09-12 18:52:13 +0600: Memory Usage (565096K) : LVS Total Run time 12.496344 seconds
