# Logfile created on 2026-09-12 18:53:32 +0600 by logger.rb/v1.5.3
2026-09-12 18:53:32 +0600: Memory Usage (435816K) : Starting running IHP-SG13G2 Klayout DRC Density runset on /home/rupok/Downloads/IHP__PA9203/PA9203-main/layout/klayout/PA9203.gds
2026-09-12 18:53:32 +0600: Memory Usage (435816K) : Ruby Version for klayout: 3.2.3
2026-09-12 18:53:32 +0600: Memory Usage (440936K) : Loading database to memory is complete.
2026-09-12 18:53:32 +0600: Memory Usage (440936K) : IHP-SG13G2 Klayout DRC Density runset output at: /home/rupok/Downloads/IHP__PA9203/PA9203-main/layout/klayout/drc_run_PA9203/PA9203_PA9203_density.lyrdb
2026-09-12 18:53:32 +0600: Memory Usage (441192K) : Evaluate switches.
2026-09-12 18:53:32 +0600: Memory Usage (441192K) : Configured KLayout worker thread(s): 1.
2026-09-12 18:53:32 +0600: Memory Usage (441192K) : Deep mode enabled: reading layers and preparing general derivations.
2026-09-12 18:53:32 +0600: Memory Usage (441192K) : PreCheck DRC enabled: false
2026-09-12 18:53:32 +0600: Memory Usage (441192K) : Density sanity checks enabled: false
2026-09-12 18:53:32 +0600: Memory Usage (441192K) : Read in polygons from layers.
2026-09-12 18:53:32 +0600: Memory Usage (442472K) : activ_drw has 56 polygons
2026-09-12 18:53:32 +0600: Memory Usage (442728K) : activ_mask has 20 polygons
2026-09-12 18:53:32 +0600: Memory Usage (442728K) : activ_filler has 39746 polygons
2026-09-12 18:53:32 +0600: Memory Usage (442984K) : gatpoly_drw has 8 polygons
2026-09-12 18:53:32 +0600: Memory Usage (442984K) : gatpoly_filler has 39746 polygons
2026-09-12 18:53:32 +0600: Memory Usage (442984K) : metal1_drw has 37086 polygons
2026-09-12 18:53:32 +0600: Memory Usage (443240K) : metal1_filler has 0 polygons
2026-09-12 18:53:32 +0600: Memory Usage (443240K) : metal1_slit has 0 polygons
2026-09-12 18:53:32 +0600: Memory Usage (443240K) : metal2_drw has 58245 polygons
2026-09-12 18:53:32 +0600: Memory Usage (443496K) : metal2_filler has 0 polygons
2026-09-12 18:53:32 +0600: Memory Usage (443496K) : metal2_slit has 0 polygons
2026-09-12 18:53:32 +0600: Memory Usage (443496K) : metal3_drw has 57494 polygons
2026-09-12 18:53:32 +0600: Memory Usage (443496K) : metal3_filler has 0 polygons
2026-09-12 18:53:32 +0600: Memory Usage (443752K) : metal3_slit has 2771 polygons
2026-09-12 18:53:32 +0600: Memory Usage (443752K) : metal4_drw has 68233 polygons
2026-09-12 18:53:32 +0600: Memory Usage (443752K) : metal4_filler has 0 polygons
2026-09-12 18:53:32 +0600: Memory Usage (444008K) : metal4_slit has 0 polygons
2026-09-12 18:53:32 +0600: Memory Usage (444008K) : metal5_drw has 68202 polygons
2026-09-12 18:53:32 +0600: Memory Usage (444008K) : metal5_filler has 0 polygons
2026-09-12 18:53:32 +0600: Memory Usage (444264K) : metal5_slit has 0 polygons
2026-09-12 18:53:32 +0600: Memory Usage (444264K) : topmetal1_drw has 47881 polygons
2026-09-12 18:53:32 +0600: Memory Usage (444264K) : topmetal1_filler has 0 polygons
2026-09-12 18:53:32 +0600: Memory Usage (444264K) : topmetal1_slit has 0 polygons
2026-09-12 18:53:32 +0600: Memory Usage (444264K) : topmetal2_drw has 24930 polygons
2026-09-12 18:53:32 +0600: Memory Usage (444520K) : topmetal2_filler has 0 polygons
2026-09-12 18:53:32 +0600: Memory Usage (444520K) : topmetal2_slit has 159 polygons
2026-09-12 18:53:32 +0600: Memory Usage (444520K) : lbe_drw has 0 polygons
2026-09-12 18:53:32 +0600: Memory Usage (444520K) : prboundary_drw has 0 polygons
2026-09-12 18:53:32 +0600: Memory Usage (444776K) : edgeseal_bound has 1 polygons
2026-09-12 18:53:32 +0600: Memory Usage (444776K) : Loaded TECH DRC rules values from /home/rupok/IHP-Open-PDK/ihp-sg13g2/libs.tech/klayout/python/sg13g2_pycell_lib/sg13g2_tech_mod.json
2026-09-12 18:53:32 +0600: Memory Usage (444776K) : Loaded default DRC rules values from /home/rupok/IHP-Open-PDK/ihp-sg13g2/libs.tech/klayout/tech/drc/rule_decks/sg13g2_tech_default.json
2026-09-12 18:53:32 +0600: Memory Usage (444776K) : The following rules values were missing in tech json and default values were used:
2026-09-12 18:53:32 +0600: Memory Usage (444776K) :   - NW_f1_digibnd
2026-09-12 18:53:32 +0600: Memory Usage (444776K) :   - Cnt_c_digibnd
2026-09-12 18:53:32 +0600: Memory Usage (444776K) :   - Cnt_c_sram
2026-09-12 18:53:32 +0600: Memory Usage (444776K) :   - Sdiod_b
2026-09-12 18:53:32 +0600: Memory Usage (444776K) :   - Sdiod_c
2026-09-12 18:53:32 +0600: Memory Usage (446056K) : Density sanity markers are disabled (set -rd density_sanity=true to enable).
2026-09-12 18:53:32 +0600: Memory Usage (446056K) : Using EdgeSeal.boundary (39/4) for chip area: 1248758.44 um^2.
2026-09-12 18:53:32 +0600: Memory Usage (446056K) : Using bbox (-2.9,-2.9;1610.9,770.9) for density window origin.
2026-09-12 18:53:32 +0600: Memory Usage (446056K) : Total area of the design is 1248758.44 um^2.
2026-09-12 18:53:32 +0600: Memory Usage (446056K) : Starting density IHP-SG13G2 derivations.
2026-09-12 18:53:32 +0600: Memory Usage (453992K) : Starting IHP-SG13G2 DENSITY DRC rules.
2026-09-12 18:53:32 +0600: Memory Usage (453992K) : Computing activ area and density...
2026-09-12 18:53:32 +0600: Memory Usage (454248K) : Executing rule AFil.g
2026-09-12 18:53:32 +0600: Memory Usage (454248K) : Executing rule AFil.g1
2026-09-12 18:53:32 +0600: Memory Usage (454248K) : Executing rule AFil.g2
2026-09-12 18:53:32 +0600: Memory Usage (458856K) : Executing rule AFil.g3
2026-09-12 18:53:32 +0600: Memory Usage (459880K) : Computing poly area and density...
2026-09-12 18:53:32 +0600: Memory Usage (459880K) : Executing rule GFil.g
2026-09-12 18:53:32 +0600: Memory Usage (459880K) : Computing metal1 area and density...
2026-09-12 18:53:32 +0600: Memory Usage (462696K) : Executing rule M1.j
2026-09-12 18:53:32 +0600: Memory Usage (462696K) : Executing rule M1.k
2026-09-12 18:53:32 +0600: Memory Usage (462696K) : Computing metal2 area and density...
2026-09-12 18:53:32 +0600: Memory Usage (463464K) : Computing metal3 area and density...
2026-09-12 18:53:33 +0600: Memory Usage (463464K) : Computing metal4 area and density...
2026-09-12 18:53:33 +0600: Memory Usage (464232K) : Computing metal5 area and density...
2026-09-12 18:53:33 +0600: Memory Usage (464232K) : Executing rule M2.j
2026-09-12 18:53:33 +0600: Memory Usage (464232K) : Executing rule M2.k
2026-09-12 18:53:33 +0600: Memory Usage (464232K) : Executing rule M3.j
2026-09-12 18:53:33 +0600: Memory Usage (464232K) : Executing rule M3.k
2026-09-12 18:53:33 +0600: Memory Usage (464232K) : Executing rule M4.j
2026-09-12 18:53:33 +0600: Memory Usage (464232K) : Executing rule M4.k
2026-09-12 18:53:33 +0600: Memory Usage (464232K) : Executing rule M5.j
2026-09-12 18:53:33 +0600: Memory Usage (464232K) : Executing rule M5.k
2026-09-12 18:53:33 +0600: Memory Usage (464232K) : Executing rule M1Fil.h
2026-09-12 18:53:33 +0600: Memory Usage (464488K) : Executing rule M1Fil.k
2026-09-12 18:53:33 +0600: Memory Usage (464488K) : Executing rule M2Fil.h
2026-09-12 18:53:33 +0600: Memory Usage (464488K) : Executing rule M2Fil.k
2026-09-12 18:53:34 +0600: Memory Usage (464488K) : Executing rule M3Fil.h
2026-09-12 18:53:34 +0600: Memory Usage (466024K) : Executing rule M3Fil.k
2026-09-12 18:53:34 +0600: Memory Usage (466024K) : Executing rule M4Fil.h
2026-09-12 18:53:34 +0600: Memory Usage (466024K) : Executing rule M4Fil.k
2026-09-12 18:53:35 +0600: Memory Usage (466024K) : Executing rule M5Fil.h
2026-09-12 18:53:35 +0600: Memory Usage (466024K) : Executing rule M5Fil.k
2026-09-12 18:53:35 +0600: Memory Usage (466024K) : Computing TopMetal1 area and density...
2026-09-12 18:53:35 +0600: Memory Usage (466024K) : Executing rule TM1.c
2026-09-12 18:53:35 +0600: Memory Usage (466024K) : Executing rule TM1.d
2026-09-12 18:53:35 +0600: Memory Usage (466024K) : Computing TopMetal2 area and density...
2026-09-12 18:53:35 +0600: Memory Usage (466024K) : Executing rule TM2.c
2026-09-12 18:53:35 +0600: Memory Usage (466024K) : Executing rule TM2.d
2026-09-12 18:53:35 +0600: Memory Usage (466024K) : Computing LBE area and density...
2026-09-12 18:53:35 +0600: Memory Usage (466024K) : Executing rule LBE.i
2026-09-12 18:53:35 +0600: Memory Usage (466024K) : Executing rule Slt.i_M1
2026-09-12 18:53:36 +0600: Memory Usage (471184K) : Executing rule Slt.i_M2
2026-09-12 18:53:36 +0600: Memory Usage (465872K) : Executing rule Slt.i_M3
2026-09-12 18:53:37 +0600: Memory Usage (494676K) : Executing rule Slt.i_M4
2026-09-12 18:53:37 +0600: Memory Usage (494676K) : Executing rule Slt.i_M5
2026-09-12 18:53:37 +0600: Memory Usage (494676K) : Executing rule Slt.i_TM1
2026-09-12 18:53:37 +0600: Memory Usage (494676K) : Executing rule Slt.i_TM2
2026-09-12 18:53:38 +0600: Memory Usage (494676K) : ##################################################
2026-09-12 18:53:38 +0600: Memory Usage (494676K) :                  Density Report                 #
2026-09-12 18:53:38 +0600: Memory Usage (494676K) : ##################################################
2026-09-12 18:53:38 +0600: Memory Usage (494676K) : 
2026-09-12 18:53:38 +0600: Memory Usage (494676K) : Layer areas and percentages (units: um^2)
2026-09-12 18:53:38 +0600: Memory Usage (494676K) : --------------------------------------------------
2026-09-12 18:53:38 +0600: Memory Usage (494676K) : 
2026-09-12 18:53:38 +0600: Memory Usage (494676K) : Total Area     = 1248758.44 um^2
2026-09-12 18:53:38 +0600: Memory Usage (494676K) : 
2026-09-12 18:53:38 +0600: Memory Usage (494676K) : Activ      Area      = 478521.48 µm²
2026-09-12 18:53:38 +0600: Memory Usage (494676K) : Activ      Density % = 38.32%  [Min = 35.00%,  Max = 55.00%]
2026-09-12 18:53:38 +0600: Memory Usage (494676K) : 
2026-09-12 18:53:38 +0600: Memory Usage (494676K) : GatPoly    Area      = 278242.30 µm²
2026-09-12 18:53:38 +0600: Memory Usage (494676K) : GatPoly    Density % = 22.28%  [Min = 15.00%]
2026-09-12 18:53:38 +0600: Memory Usage (494676K) : 
2026-09-12 18:53:38 +0600: Memory Usage (494676K) : Metal1     Area      = 465891.69 µm²
2026-09-12 18:53:38 +0600: Memory Usage (494676K) : Metal1     Density % = 37.31%  [Min = 35.00%,  Max = 60.00%]
2026-09-12 18:53:38 +0600: Memory Usage (494676K) : 
2026-09-12 18:53:38 +0600: Memory Usage (494676K) : Metal2     Area      = 467464.28 µm²
2026-09-12 18:53:38 +0600: Memory Usage (494676K) : Metal2     Density % = 37.43%  [Min = 35.00%,  Max = 60.00%]
2026-09-12 18:53:38 +0600: Memory Usage (494676K) : 
2026-09-12 18:53:38 +0600: Memory Usage (494676K) : Metal3     Area      = 609361.89 µm²
2026-09-12 18:53:38 +0600: Memory Usage (494676K) : Metal3     Density % = 48.80%  [Min = 35.00%,  Max = 60.00%]
2026-09-12 18:53:38 +0600: Memory Usage (494676K) : 
2026-09-12 18:53:38 +0600: Memory Usage (494676K) : Metal4     Area      = 481706.50 µm²
2026-09-12 18:53:38 +0600: Memory Usage (494676K) : Metal4     Density % = 38.57%  [Min = 35.00%,  Max = 60.00%]
2026-09-12 18:53:38 +0600: Memory Usage (494676K) : 
2026-09-12 18:53:38 +0600: Memory Usage (494676K) : Metal5     Area      = 479322.08 µm²
2026-09-12 18:53:38 +0600: Memory Usage (494676K) : Metal5     Density % = 38.38%  [Min = 35.00%,  Max = 60.00%]
2026-09-12 18:53:38 +0600: Memory Usage (494676K) : 
2026-09-12 18:53:38 +0600: Memory Usage (494676K) : TopMetal1  Area      = 453613.88 µm²
2026-09-12 18:53:38 +0600: Memory Usage (494676K) : TopMetal1  Density % = 36.33%  [Min = 25.00%,  Max = 70.00%]
2026-09-12 18:53:38 +0600: Memory Usage (494676K) : 
2026-09-12 18:53:38 +0600: Memory Usage (494676K) : TopMetal2  Area      = 515952.74 µm²
2026-09-12 18:53:38 +0600: Memory Usage (494676K) : TopMetal2  Density % = 41.32%  [Min = 25.00%,  Max = 70.00%]
2026-09-12 18:53:38 +0600: Memory Usage (494676K) : 
2026-09-12 18:53:38 +0600: Memory Usage (494676K) : LBE        Area      =  0.00 µm²
2026-09-12 18:53:38 +0600: Memory Usage (494676K) : LBE        Density % =  0.00%  [Max = 20.00%]
2026-09-12 18:53:38 +0600: Memory Usage (494676K) : 
2026-09-12 18:53:38 +0600: Memory Usage (494676K) : KLayout DRC run for density table completed in 6.02 seconds
