# Logfile created on 2026-09-12 18:52:32 +0600 by logger.rb/v1.5.3
2026-09-12 18:52:32 +0600: Memory Usage (438128K) : Starting running IHP-SG13G2 KLayout DRC runset on /home/rupok/Downloads/IHP__PA9203/PA9203-main/layout/klayout/PA9203.gds
2026-09-12 18:52:32 +0600: Memory Usage (438128K) : Ruby Version for klayout: 3.2.3
2026-09-12 18:52:32 +0600: Memory Usage (441456K) : Loading database to memory is complete.
2026-09-12 18:52:32 +0600: Memory Usage (441456K) : IHP-SG13G2 KLayout DRC runset output at: /home/rupok/Downloads/IHP__PA9203/PA9203-main/layout/klayout/drc_run_PA9203/PA9203_PA9203_main.lyrdb
2026-09-12 18:52:32 +0600: Memory Usage (441712K) : Evaluate switches.
2026-09-12 18:52:32 +0600: Memory Usage (441712K) : tables selected: main
2026-09-12 18:52:32 +0600: Memory Usage (441712K) : KLayout will use 1 thread(s) in tiling mode.
2026-09-12 18:52:32 +0600: Memory Usage (441712K) : deep mode is enabled.
2026-09-12 18:52:32 +0600: Memory Usage (441712K) : FEOL enabled: true
2026-09-12 18:52:32 +0600: Memory Usage (441712K) : BEOL enabled: true
2026-09-12 18:52:32 +0600: Memory Usage (441712K) : OFFGRID enabled: true
2026-09-12 18:52:32 +0600: Memory Usage (441712K) : ANGLE enabled: true
2026-09-12 18:52:32 +0600: Memory Usage (441712K) : PIN enabled: true
2026-09-12 18:52:32 +0600: Memory Usage (441712K) : FORBIDDEN enabled: true
2026-09-12 18:52:32 +0600: Memory Usage (441712K) : RECOMMENDED enabled: true
2026-09-12 18:52:32 +0600: Memory Usage (441712K) : PreCheck DRC enabled: false
2026-09-12 18:52:32 +0600: Memory Usage (441712K) : CONNECTIVITY_RULES enabled: true.
2026-09-12 18:52:32 +0600: Memory Usage (441712K) : Read in polygons from layers.
2026-09-12 18:52:32 +0600: Memory Usage (443248K) : activ_drw has 56 polygons
2026-09-12 18:52:32 +0600: Memory Usage (443248K) : activ_pin has 0 polygons
2026-09-12 18:52:32 +0600: Memory Usage (443504K) : activ_mask has 20 polygons
2026-09-12 18:52:32 +0600: Memory Usage (443504K) : activ_filler has 39746 polygons
2026-09-12 18:52:32 +0600: Memory Usage (443504K) : activ_nofill has 8 polygons
2026-09-12 18:52:32 +0600: Memory Usage (443504K) : activ_opc has 0 polygons
2026-09-12 18:52:32 +0600: Memory Usage (443504K) : activ_iopc has 0 polygons
2026-09-12 18:52:32 +0600: Memory Usage (443760K) : activ_noqrc has 0 polygons
2026-09-12 18:52:32 +0600: Memory Usage (443760K) : biwind_drw has 0 polygons
2026-09-12 18:52:32 +0600: Memory Usage (443760K) : biwind_opc has 0 polygons
2026-09-12 18:52:32 +0600: Memory Usage (443760K) : pemwind_drw has 0 polygons
2026-09-12 18:52:32 +0600: Memory Usage (444016K) : gatpoly_drw has 8 polygons
2026-09-12 18:52:32 +0600: Memory Usage (444016K) : gatpoly_pin has 0 polygons
2026-09-12 18:52:32 +0600: Memory Usage (444016K) : gatpoly_filler has 39746 polygons
2026-09-12 18:52:32 +0600: Memory Usage (444016K) : gatpoly_nofill has 8 polygons
2026-09-12 18:52:32 +0600: Memory Usage (444016K) : gatpoly_opc has 0 polygons
2026-09-12 18:52:32 +0600: Memory Usage (444272K) : gatpoly_iopc has 0 polygons
2026-09-12 18:52:32 +0600: Memory Usage (444272K) : gatpoly_noqrc has 0 polygons
2026-09-12 18:52:32 +0600: Memory Usage (444272K) : cont_drw has 308 polygons
2026-09-12 18:52:32 +0600: Memory Usage (444272K) : cont_opc has 0 polygons
2026-09-12 18:52:32 +0600: Memory Usage (444528K) : nsd_drw has 0 polygons
2026-09-12 18:52:32 +0600: Memory Usage (444528K) : nsd_block has 20 polygons
2026-09-12 18:52:32 +0600: Memory Usage (444528K) : metal1_drw has 37086 polygons
2026-09-12 18:52:32 +0600: Memory Usage (444784K) : metal1_pin has 25 polygons
2026-09-12 18:52:32 +0600: Memory Usage (444784K) : metal1_mask has 0 polygons
2026-09-12 18:52:32 +0600: Memory Usage (444784K) : metal1_filler has 0 polygons
2026-09-12 18:52:32 +0600: Memory Usage (444784K) : metal1_nofill has 14 polygons
2026-09-12 18:52:32 +0600: Memory Usage (445040K) : metal1_slit has 0 polygons
2026-09-12 18:52:32 +0600: Memory Usage (445040K) : metal1_text has 5 polygons
2026-09-12 18:52:32 +0600: Memory Usage (445040K) : metal1_opc has 0 polygons
2026-09-12 18:52:32 +0600: Memory Usage (445040K) : metal1_noqrc has 0 polygons
2026-09-12 18:52:32 +0600: Memory Usage (445296K) : metal1_res has 0 polygons
2026-09-12 18:52:32 +0600: Memory Usage (445296K) : metal1_iprobe has 0 polygons
2026-09-12 18:52:32 +0600: Memory Usage (445296K) : metal1_diffprb has 0 polygons
2026-09-12 18:52:32 +0600: Memory Usage (445296K) : passiv_drw has 24 polygons
2026-09-12 18:52:32 +0600: Memory Usage (445552K) : passiv_pin has 0 polygons
2026-09-12 18:52:32 +0600: Memory Usage (445552K) : passiv_sbump has 0 polygons
2026-09-12 18:52:32 +0600: Memory Usage (445552K) : passiv_pillar has 0 polygons
2026-09-12 18:52:32 +0600: Memory Usage (445552K) : passiv_pdl has 0 polygons
2026-09-12 18:52:32 +0600: Memory Usage (445552K) : metal2_drw has 58245 polygons
2026-09-12 18:52:32 +0600: Memory Usage (445808K) : metal2_pin has 2 polygons
2026-09-12 18:52:32 +0600: Memory Usage (445808K) : metal2_mask has 0 polygons
2026-09-12 18:52:32 +0600: Memory Usage (446064K) : metal2_filler has 0 polygons
2026-09-12 18:52:32 +0600: Memory Usage (446064K) : metal2_nofill has 14 polygons
2026-09-12 18:52:32 +0600: Memory Usage (446064K) : metal2_slit has 0 polygons
2026-09-12 18:52:32 +0600: Memory Usage (446064K) : metal2_text has 0 polygons
2026-09-12 18:52:32 +0600: Memory Usage (446064K) : metal2_opc has 0 polygons
2026-09-12 18:52:32 +0600: Memory Usage (446320K) : metal2_noqrc has 0 polygons
2026-09-12 18:52:32 +0600: Memory Usage (446320K) : metal2_res has 0 polygons
2026-09-12 18:52:32 +0600: Memory Usage (446320K) : metal2_iprobe has 0 polygons
2026-09-12 18:52:32 +0600: Memory Usage (446320K) : metal2_diffprb has 0 polygons
2026-09-12 18:52:32 +0600: Memory Usage (446320K) : baspoly_drw has 0 polygons
2026-09-12 18:52:32 +0600: Memory Usage (446576K) : baspoly_pin has 0 polygons
2026-09-12 18:52:32 +0600: Memory Usage (446576K) : psd_drw has 40 polygons
2026-09-12 18:52:32 +0600: Memory Usage (446576K) : nldb_drw has 0 polygons
2026-09-12 18:52:32 +0600: Memory Usage (446576K) : digibnd_drw has 0 polygons
2026-09-12 18:52:32 +0600: Memory Usage (447088K) : via1_drw has 1057254 polygons
2026-09-12 18:52:32 +0600: Memory Usage (447344K) : backmetal1_drw has 0 polygons
2026-09-12 18:52:32 +0600: Memory Usage (447344K) : backmetal1_pin has 0 polygons
2026-09-12 18:52:32 +0600: Memory Usage (447344K) : backmetal1_mask has 0 polygons
2026-09-12 18:52:32 +0600: Memory Usage (447344K) : backmetal1_filler has 0 polygons
2026-09-12 18:52:32 +0600: Memory Usage (447600K) : backmetal1_nofill has 0 polygons
2026-09-12 18:52:32 +0600: Memory Usage (447600K) : backmetal1_slit has 0 polygons
2026-09-12 18:52:32 +0600: Memory Usage (447600K) : backmetal1_text has 0 polygons
2026-09-12 18:52:32 +0600: Memory Usage (447600K) : backmetal1_opc has 0 polygons
2026-09-12 18:52:32 +0600: Memory Usage (447600K) : backmetal1_noqrc has 0 polygons
2026-09-12 18:52:32 +0600: Memory Usage (447856K) : backmetal1_res has 0 polygons
2026-09-12 18:52:32 +0600: Memory Usage (447856K) : backmetal1_iprobe has 0 polygons
2026-09-12 18:52:32 +0600: Memory Usage (447856K) : backmetal1_diffprb has 0 polygons
2026-09-12 18:52:32 +0600: Memory Usage (447856K) : backpassiv_drw has 0 polygons
2026-09-12 18:52:32 +0600: Memory Usage (448112K) : res_drw has 0 polygons
2026-09-12 18:52:32 +0600: Memory Usage (448112K) : sram_drw has 0 polygons
2026-09-12 18:52:32 +0600: Memory Usage (448112K) : trans_drw has 2 polygons
2026-09-12 18:52:32 +0600: Memory Usage (448112K) : ind_drw has 0 polygons
2026-09-12 18:52:32 +0600: Memory Usage (448368K) : ind_pin has 0 polygons
2026-09-12 18:52:32 +0600: Memory Usage (448368K) : ind_text has 0 polygons
2026-09-12 18:52:32 +0600: Memory Usage (448368K) : salblock_drw has 2 polygons
2026-09-12 18:52:32 +0600: Memory Usage (448880K) : via2_drw has 664919 polygons
2026-09-12 18:52:32 +0600: Memory Usage (448880K) : metal3_drw has 57494 polygons
2026-09-12 18:52:32 +0600: Memory Usage (449136K) : metal3_pin has 3 polygons
2026-09-12 18:52:32 +0600: Memory Usage (449136K) : metal3_mask has 0 polygons
2026-09-12 18:52:32 +0600: Memory Usage (449392K) : metal3_filler has 0 polygons
2026-09-12 18:52:32 +0600: Memory Usage (449392K) : metal3_nofill has 45 polygons
2026-09-12 18:52:32 +0600: Memory Usage (449392K) : metal3_slit has 2771 polygons
2026-09-12 18:52:32 +0600: Memory Usage (449392K) : metal3_text has 3 polygons
2026-09-12 18:52:32 +0600: Memory Usage (449648K) : metal3_opc has 0 polygons
2026-09-12 18:52:32 +0600: Memory Usage (449648K) : metal3_noqrc has 0 polygons
2026-09-12 18:52:32 +0600: Memory Usage (449648K) : metal3_res has 0 polygons
2026-09-12 18:52:32 +0600: Memory Usage (449648K) : metal3_iprobe has 0 polygons
2026-09-12 18:52:32 +0600: Memory Usage (449648K) : metal3_diffprb has 0 polygons
2026-09-12 18:52:32 +0600: Memory Usage (449648K) : nwell_drw has 0 polygons
2026-09-12 18:52:32 +0600: Memory Usage (449648K) : nwell_pin has 0 polygons
2026-09-12 18:52:32 +0600: Memory Usage (449648K) : nbulay_drw has 0 polygons
2026-09-12 18:52:32 +0600: Memory Usage (449648K) : nbulay_pin has 0 polygons
2026-09-12 18:52:32 +0600: Memory Usage (449904K) : nbulay_block has 0 polygons
2026-09-12 18:52:32 +0600: Memory Usage (449904K) : emwind_drw has 20 polygons
2026-09-12 18:52:32 +0600: Memory Usage (449904K) : emwind_opc has 0 polygons
2026-09-12 18:52:32 +0600: Memory Usage (449904K) : deepco_drw has 0 polygons
2026-09-12 18:52:32 +0600: Memory Usage (449904K) : deepco_drw has 0 polygons
2026-09-12 18:52:32 +0600: Memory Usage (450160K) : mim_drw has 0 polygons
2026-09-12 18:52:32 +0600: Memory Usage (450160K) : edgeseal_drw has 24 polygons
2026-09-12 18:52:32 +0600: Memory Usage (450160K) : edgeseal_bound has 1 polygons
2026-09-12 18:52:32 +0600: Memory Usage (450160K) : substrate_drw has 0 polygons
2026-09-12 18:52:32 +0600: Memory Usage (450416K) : substrate_text has 0 polygons
2026-09-12 18:52:32 +0600: Memory Usage (450416K) : dfpad_drw has 12 polygons
2026-09-12 18:52:32 +0600: Memory Usage (450416K) : dfpad_pillar has 0 polygons
2026-09-12 18:52:32 +0600: Memory Usage (450416K) : dfpad_sbump has 0 polygons
2026-09-12 18:52:32 +0600: Memory Usage (450416K) : thickgateox_drw has 0 polygons
2026-09-12 18:52:32 +0600: Memory Usage (450672K) : pldb_drw has 0 polygons
2026-09-12 18:52:32 +0600: Memory Usage (450672K) : pwell_drw has 0 polygons
2026-09-12 18:52:32 +0600: Memory Usage (450672K) : pwell_pin has 0 polygons
2026-09-12 18:52:32 +0600: Memory Usage (450672K) : pwell_block has 0 polygons
2026-09-12 18:52:32 +0600: Memory Usage (450928K) : ic_drw has 0 polygons
2026-09-12 18:52:32 +0600: Memory Usage (451184K) : via3_drw has 666967 polygons
2026-09-12 18:52:32 +0600: Memory Usage (451440K) : metal4_drw has 68233 polygons
2026-09-12 18:52:32 +0600: Memory Usage (451696K) : metal4_pin has 0 polygons
2026-09-12 18:52:32 +0600: Memory Usage (451696K) : metal4_mask has 0 polygons
2026-09-12 18:52:32 +0600: Memory Usage (451696K) : metal4_filler has 0 polygons
2026-09-12 18:52:32 +0600: Memory Usage (451952K) : metal4_nofill has 21 polygons
2026-09-12 18:52:32 +0600: Memory Usage (451952K) : metal4_slit has 0 polygons
2026-09-12 18:52:32 +0600: Memory Usage (451952K) : metal4_text has 0 polygons
2026-09-12 18:52:32 +0600: Memory Usage (451952K) : metal4_opc has 0 polygons
2026-09-12 18:52:32 +0600: Memory Usage (451952K) : metal4_noqrc has 0 polygons
2026-09-12 18:52:32 +0600: Memory Usage (452208K) : metal4_res has 0 polygons
2026-09-12 18:52:32 +0600: Memory Usage (452208K) : metal4_iprobe has 0 polygons
2026-09-12 18:52:32 +0600: Memory Usage (452208K) : metal4_diffprb has 0 polygons
2026-09-12 18:52:32 +0600: Memory Usage (452208K) : heattrans_drw has 20 polygons
2026-09-12 18:52:32 +0600: Memory Usage (452208K) : heatres_drw has 2 polygons
2026-09-12 18:52:32 +0600: Memory Usage (452464K) : pempoly_drw has 0 polygons
2026-09-12 18:52:32 +0600: Memory Usage (452464K) : fbe_drw has 0 polygons
2026-09-12 18:52:32 +0600: Memory Usage (452464K) : empoly_drw has 0 polygons
2026-09-12 18:52:32 +0600: Memory Usage (452464K) : ldmos_drw has 0 polygons
2026-09-12 18:52:32 +0600: Memory Usage (452720K) : pbiwind_drw has 0 polygons
2026-09-12 18:52:32 +0600: Memory Usage (452720K) : digisub_drw has 0 polygons
2026-09-12 18:52:32 +0600: Memory Usage (452720K) : nodrc_drw has 0 polygons
2026-09-12 18:52:32 +0600: Memory Usage (452720K) : text_drw has 14 polygons
2026-09-12 18:52:32 +0600: Memory Usage (453232K) : via4_drw has 1451263 polygons
2026-09-12 18:52:32 +0600: Memory Usage (453488K) : metal5_drw has 68202 polygons
2026-09-12 18:52:32 +0600: Memory Usage (453488K) : metal5_pin has 8 polygons
2026-09-12 18:52:32 +0600: Memory Usage (453744K) : metal5_mask has 0 polygons
2026-09-12 18:52:32 +0600: Memory Usage (453744K) : metal5_filler has 0 polygons
2026-09-12 18:52:32 +0600: Memory Usage (453744K) : metal5_nofill has 21 polygons
2026-09-12 18:52:32 +0600: Memory Usage (453744K) : metal5_slit has 0 polygons
2026-09-12 18:52:32 +0600: Memory Usage (453744K) : metal5_text has 0 polygons
2026-09-12 18:52:32 +0600: Memory Usage (454000K) : metal5_opc has 0 polygons
2026-09-12 18:52:32 +0600: Memory Usage (454000K) : metal5_noqrc has 0 polygons
2026-09-12 18:52:32 +0600: Memory Usage (454000K) : metal5_res has 4 polygons
2026-09-12 18:52:32 +0600: Memory Usage (454000K) : metal5_iprobe has 0 polygons
2026-09-12 18:52:32 +0600: Memory Usage (454256K) : metal5_diffprb has 0 polygons
2026-09-12 18:52:32 +0600: Memory Usage (454256K) : radhard_drw has 0 polygons
2026-09-12 18:52:32 +0600: Memory Usage (454256K) : memcap_drw has 0 polygons
2026-09-12 18:52:32 +0600: Memory Usage (454256K) : varicap_drw has 0 polygons
2026-09-12 18:52:32 +0600: Memory Usage (454512K) : flash_drw has 0 polygons
2026-09-12 18:52:32 +0600: Memory Usage (454512K) : intbondvia_drw has 0 polygons
2026-09-12 18:52:32 +0600: Memory Usage (454512K) : intbondmet_drw has 0 polygons
2026-09-12 18:52:32 +0600: Memory Usage (454512K) : devbondvia_drw has 0 polygons
2026-09-12 18:52:32 +0600: Memory Usage (454768K) : devbondmet_drw has 0 polygons
2026-09-12 18:52:32 +0600: Memory Usage (454768K) : devtrench_drw has 0 polygons
2026-09-12 18:52:32 +0600: Memory Usage (454768K) : redist_drw has 0 polygons
2026-09-12 18:52:32 +0600: Memory Usage (454768K) : graphbot_drw has 0 polygons
2026-09-12 18:52:32 +0600: Memory Usage (454768K) : graphtop_drw has 0 polygons
2026-09-12 18:52:32 +0600: Memory Usage (455024K) : antvia1_drw has 0 polygons
2026-09-12 18:52:32 +0600: Memory Usage (455024K) : antmetal2_drw has 0 polygons
2026-09-12 18:52:32 +0600: Memory Usage (455024K) : graphcont_drw has 0 polygons
2026-09-12 18:52:32 +0600: Memory Usage (455024K) : siwg_drw has 0 polygons
2026-09-12 18:52:32 +0600: Memory Usage (455280K) : siwg_filler has 0 polygons
2026-09-12 18:52:32 +0600: Memory Usage (455280K) : siwg_nofill has 0 polygons
2026-09-12 18:52:32 +0600: Memory Usage (455280K) : sigrating_drw has 0 polygons
2026-09-12 18:52:32 +0600: Memory Usage (455280K) : singrating_drw has 0 polygons
2026-09-12 18:52:32 +0600: Memory Usage (455536K) : graphpas_drw has 0 polygons
2026-09-12 18:52:32 +0600: Memory Usage (455536K) : emwind3_drw has 0 polygons
2026-09-12 18:52:32 +0600: Memory Usage (455536K) : emwihv3_drw has 0 polygons
2026-09-12 18:52:32 +0600: Memory Usage (455536K) : redbulay_drw has 0 polygons
2026-09-12 18:52:32 +0600: Memory Usage (455536K) : smos_drw has 0 polygons
2026-09-12 18:52:32 +0600: Memory Usage (455792K) : graphpad_drw has 0 polygons
2026-09-12 18:52:32 +0600: Memory Usage (455792K) : polimide_drw has 0 polygons
2026-09-12 18:52:32 +0600: Memory Usage (455792K) : polimide_pin has 0 polygons
2026-09-12 18:52:32 +0600: Memory Usage (455792K) : recog_drw has 0 polygons
2026-09-12 18:52:32 +0600: Memory Usage (456048K) : recog_pin has 0 polygons
2026-09-12 18:52:32 +0600: Memory Usage (456048K) : recog_esd has 0 polygons
2026-09-12 18:52:32 +0600: Memory Usage (456048K) : recog_diode has 0 polygons
2026-09-12 18:52:32 +0600: Memory Usage (456048K) : recog_tsv has 0 polygons
2026-09-12 18:52:32 +0600: Memory Usage (456304K) : recog_iprobe has 0 polygons
2026-09-12 18:52:32 +0600: Memory Usage (456304K) : recog_diffprb has 0 polygons
2026-09-12 18:52:32 +0600: Memory Usage (456304K) : recog_pillar has 0 polygons
2026-09-12 18:52:32 +0600: Memory Usage (456304K) : recog_sbump has 0 polygons
2026-09-12 18:52:32 +0600: Memory Usage (456560K) : recog_otp has 0 polygons
2026-09-12 18:52:32 +0600: Memory Usage (456560K) : recog_pdiode has 0 polygons
2026-09-12 18:52:32 +0600: Memory Usage (456560K) : recog_mom has 0 polygons
2026-09-12 18:52:32 +0600: Memory Usage (456560K) : recog_momf has 0 polygons
2026-09-12 18:52:32 +0600: Memory Usage (456560K) : recog_pcm has 0 polygons
2026-09-12 18:52:32 +0600: Memory Usage (456816K) : colopen_drw has 0 polygons
2026-09-12 18:52:32 +0600: Memory Usage (456816K) : graphmetal1_drw has 0 polygons
2026-09-12 18:52:32 +0600: Memory Usage (456816K) : graphmetal1_filler has 0 polygons
2026-09-12 18:52:32 +0600: Memory Usage (456816K) : graphmetal1_nofill has 0 polygons
2026-09-12 18:52:32 +0600: Memory Usage (457072K) : graphmetal1_slit has 0 polygons
2026-09-12 18:52:32 +0600: Memory Usage (457072K) : graphmetal1_opc has 0 polygons
2026-09-12 18:52:32 +0600: Memory Usage (457072K) : graphmet1l_drw has 0 polygons
2026-09-12 18:52:32 +0600: Memory Usage (457072K) : graphmet1l_filler has 0 polygons
2026-09-12 18:52:32 +0600: Memory Usage (457328K) : graphmet1l_nofill has 0 polygons
2026-09-12 18:52:32 +0600: Memory Usage (457328K) : graphmet1l_slit has 0 polygons
2026-09-12 18:52:32 +0600: Memory Usage (457328K) : graphmet1l_opc has 0 polygons
2026-09-12 18:52:32 +0600: Memory Usage (457328K) : extblock_drw has 6 polygons
2026-09-12 18:52:32 +0600: Memory Usage (457584K) : nldd_drw has 0 polygons
2026-09-12 18:52:32 +0600: Memory Usage (457584K) : pldd_drw has 0 polygons
2026-09-12 18:52:32 +0600: Memory Usage (457584K) : next_drw has 0 polygons
2026-09-12 18:52:32 +0600: Memory Usage (457584K) : pext_drw has 0 polygons
2026-09-12 18:52:32 +0600: Memory Usage (457584K) : nexthv_drw has 0 polygons
2026-09-12 18:52:32 +0600: Memory Usage (457840K) : pexthv_drw has 0 polygons
2026-09-12 18:52:32 +0600: Memory Usage (457840K) : graphgate_drw has 0 polygons
2026-09-12 18:52:32 +0600: Memory Usage (457840K) : sinwg_drw has 0 polygons
2026-09-12 18:52:32 +0600: Memory Usage (457840K) : sinwg_filler has 0 polygons
2026-09-12 18:52:32 +0600: Memory Usage (458096K) : sinwg_nofill has 0 polygons
2026-09-12 18:52:32 +0600: Memory Usage (458096K) : mempad_drw has 0 polygons
2026-09-12 18:52:32 +0600: Memory Usage (458096K) : topvia1_drw has 115559 polygons
2026-09-12 18:52:32 +0600: Memory Usage (458352K) : topmetal1_drw has 47881 polygons
2026-09-12 18:52:32 +0600: Memory Usage (458352K) : topmetal1_pin has 0 polygons
2026-09-12 18:52:32 +0600: Memory Usage (458608K) : topmetal1_mask has 0 polygons
2026-09-12 18:52:32 +0600: Memory Usage (458608K) : topmetal1_filler has 0 polygons
2026-09-12 18:52:32 +0600: Memory Usage (458608K) : topmetal1_nofill has 21 polygons
2026-09-12 18:52:32 +0600: Memory Usage (458608K) : topmetal1_slit has 0 polygons
2026-09-12 18:52:32 +0600: Memory Usage (458864K) : topmetal1_text has 0 polygons
2026-09-12 18:52:32 +0600: Memory Usage (458864K) : topmetal1_noqrc has 0 polygons
2026-09-12 18:52:32 +0600: Memory Usage (458864K) : topmetal1_res has 0 polygons
2026-09-12 18:52:32 +0600: Memory Usage (458864K) : topmetal1_iprobe has 0 polygons
2026-09-12 18:52:32 +0600: Memory Usage (459120K) : topmetal1_diffprb has 0 polygons
2026-09-12 18:52:32 +0600: Memory Usage (459120K) : inldpwl_drw has 0 polygons
2026-09-12 18:52:32 +0600: Memory Usage (459120K) : polyres_drw has 2 polygons
2026-09-12 18:52:32 +0600: Memory Usage (459120K) : polyres_pin has 0 polygons
2026-09-12 18:52:32 +0600: Memory Usage (459376K) : vmim_drw has 0 polygons
2026-09-12 18:52:32 +0600: Memory Usage (459376K) : nbulaycut_drw has 0 polygons
2026-09-12 18:52:32 +0600: Memory Usage (459376K) : antmetal1_drw has 0 polygons
2026-09-12 18:52:32 +0600: Memory Usage (459376K) : topvia2_drw has 41647 polygons
2026-09-12 18:52:32 +0600: Memory Usage (459632K) : topmetal2_drw has 24930 polygons
2026-09-12 18:52:32 +0600: Memory Usage (459632K) : topmetal2_pin has 70 polygons
2026-09-12 18:52:32 +0600: Memory Usage (459632K) : topmetal2_mask has 0 polygons
2026-09-12 18:52:32 +0600: Memory Usage (459888K) : topmetal2_filler has 0 polygons
2026-09-12 18:52:32 +0600: Memory Usage (459888K) : topmetal2_nofill has 15 polygons
2026-09-12 18:52:32 +0600: Memory Usage (459888K) : topmetal2_slit has 159 polygons
2026-09-12 18:52:32 +0600: Memory Usage (459888K) : topmetal2_text has 30 polygons
2026-09-12 18:52:32 +0600: Memory Usage (460144K) : topmetal2_noqrc has 0 polygons
2026-09-12 18:52:32 +0600: Memory Usage (460144K) : topmetal2_res has 18 polygons
2026-09-12 18:52:32 +0600: Memory Usage (460144K) : topmetal2_iprobe has 0 polygons
2026-09-12 18:52:32 +0600: Memory Usage (460400K) : topmetal2_diffprb has 0 polygons
2026-09-12 18:52:32 +0600: Memory Usage (460400K) : snsring_drw has 0 polygons
2026-09-12 18:52:32 +0600: Memory Usage (460400K) : sensor_drw has 0 polygons
2026-09-12 18:52:32 +0600: Memory Usage (460400K) : snsarms_drw has 0 polygons
2026-09-12 18:52:32 +0600: Memory Usage (460400K) : snscmosvia_drw has 0 polygons
2026-09-12 18:52:32 +0600: Memory Usage (460656K) : colwind_drw has 0 polygons
2026-09-12 18:52:32 +0600: Memory Usage (460656K) : flm_drw has 0 polygons
2026-09-12 18:52:32 +0600: Memory Usage (460656K) : hafniumox_drw has 0 polygons
2026-09-12 18:52:32 +0600: Memory Usage (460656K) : memvia_drw has 0 polygons
2026-09-12 18:52:32 +0600: Memory Usage (460912K) : thinfilmres_drw has 0 polygons
2026-09-12 18:52:32 +0600: Memory Usage (460912K) : rfmem_drw has 0 polygons
2026-09-12 18:52:32 +0600: Memory Usage (460912K) : norcx_drw has 0 polygons
2026-09-12 18:52:32 +0600: Memory Usage (460912K) : norcx_m2m3 has 0 polygons
2026-09-12 18:52:32 +0600: Memory Usage (461168K) : norcx_m2m4 has 0 polygons
2026-09-12 18:52:32 +0600: Memory Usage (461168K) : norcx_m2m5 has 0 polygons
2026-09-12 18:52:32 +0600: Memory Usage (461168K) : norcx_m2tm1 has 0 polygons
2026-09-12 18:52:32 +0600: Memory Usage (461168K) : norcx_m2tm2 has 0 polygons
2026-09-12 18:52:32 +0600: Memory Usage (461424K) : norcx_m3m4 has 0 polygons
2026-09-12 18:52:32 +0600: Memory Usage (461424K) : norcx_m3m5 has 0 polygons
2026-09-12 18:52:32 +0600: Memory Usage (461424K) : norcx_m3tm1 has 0 polygons
2026-09-12 18:52:32 +0600: Memory Usage (461680K) : norcx_m3tm2 has 0 polygons
2026-09-12 18:52:32 +0600: Memory Usage (461680K) : norcx_m4m5 has 0 polygons
2026-09-12 18:52:32 +0600: Memory Usage (461680K) : norcx_m4tm1 has 0 polygons
2026-09-12 18:52:32 +0600: Memory Usage (461680K) : norcx_m4tm2 has 0 polygons
2026-09-12 18:52:32 +0600: Memory Usage (461680K) : norcx_m5tm1 has 0 polygons
2026-09-12 18:52:32 +0600: Memory Usage (461936K) : norcx_m5tm2 has 0 polygons
2026-09-12 18:52:32 +0600: Memory Usage (461936K) : norcx_tm1tm2 has 0 polygons
2026-09-12 18:52:32 +0600: Memory Usage (461936K) : norcx_m1sub has 0 polygons
2026-09-12 18:52:32 +0600: Memory Usage (461936K) : norcx_m2sub has 0 polygons
2026-09-12 18:52:32 +0600: Memory Usage (462192K) : norcx_m3sub has 0 polygons
2026-09-12 18:52:32 +0600: Memory Usage (462192K) : norcx_m4sub has 0 polygons
2026-09-12 18:52:32 +0600: Memory Usage (462192K) : norcx_m5sub has 0 polygons
2026-09-12 18:52:32 +0600: Memory Usage (462448K) : norcx_tm1sub has 0 polygons
2026-09-12 18:52:32 +0600: Memory Usage (462448K) : norcx_tm2sub has 0 polygons
2026-09-12 18:52:32 +0600: Memory Usage (462448K) : snsbotvia_drw has 0 polygons
2026-09-12 18:52:32 +0600: Memory Usage (462448K) : snstopvia_drw has 0 polygons
2026-09-12 18:52:32 +0600: Memory Usage (462704K) : deepvia_drw has 0 polygons
2026-09-12 18:52:32 +0600: Memory Usage (462704K) : fgetch_drw has 0 polygons
2026-09-12 18:52:32 +0600: Memory Usage (462704K) : ctrgat_drw has 0 polygons
2026-09-12 18:52:32 +0600: Memory Usage (462960K) : fgimp_drw has 0 polygons
2026-09-12 18:52:32 +0600: Memory Usage (462960K) : emwihv_drw has 0 polygons
2026-09-12 18:52:32 +0600: Memory Usage (462960K) : lbe_drw has 0 polygons
2026-09-12 18:52:32 +0600: Memory Usage (462960K) : alcustop_drw has 0 polygons
2026-09-12 18:52:32 +0600: Memory Usage (462960K) : nometfiller_drw has 0 polygons
2026-09-12 18:52:32 +0600: Memory Usage (463216K) : prboundary_drw has 0 polygons
2026-09-12 18:52:32 +0600: Memory Usage (463216K) : exchange0_drw has 0 polygons
2026-09-12 18:52:32 +0600: Memory Usage (463216K) : exchange0_pin has 0 polygons
2026-09-12 18:52:32 +0600: Memory Usage (463216K) : exchange0_text has 0 polygons
2026-09-12 18:52:32 +0600: Memory Usage (463472K) : exchange1_drw has 0 polygons
2026-09-12 18:52:32 +0600: Memory Usage (463472K) : exchange1_pin has 0 polygons
2026-09-12 18:52:32 +0600: Memory Usage (463472K) : exchange1_text has 0 polygons
2026-09-12 18:52:32 +0600: Memory Usage (463472K) : exchange2_drw has 0 polygons
2026-09-12 18:52:32 +0600: Memory Usage (463728K) : exchange2_pin has 0 polygons
2026-09-12 18:52:32 +0600: Memory Usage (463728K) : exchange2_text has 0 polygons
2026-09-12 18:52:32 +0600: Memory Usage (463728K) : exchange3_drw has 0 polygons
2026-09-12 18:52:32 +0600: Memory Usage (463728K) : exchange3_pin has 0 polygons
2026-09-12 18:52:32 +0600: Memory Usage (463728K) : exchange3_text has 0 polygons
2026-09-12 18:52:32 +0600: Memory Usage (463728K) : exchange4_drw has 0 polygons
2026-09-12 18:52:32 +0600: Memory Usage (463728K) : exchange4_pin has 0 polygons
2026-09-12 18:52:32 +0600: Memory Usage (463728K) : exchange4_text has 0 polygons
2026-09-12 18:52:32 +0600: Memory Usage (463728K) : isonwell_drw has 0 polygons
2026-09-12 18:52:32 +0600: Memory Usage (463728K) : Total no. of polygons in the design is 4443018
2026-09-12 18:52:32 +0600: Memory Usage (463728K) : Loaded TECH DRC rules values from /home/rupok/IHP-Open-PDK/ihp-sg13g2/libs.tech/klayout/python/sg13g2_pycell_lib/sg13g2_tech_mod.json
2026-09-12 18:52:32 +0600: Memory Usage (463728K) : Loaded default DRC rules values from /home/rupok/IHP-Open-PDK/ihp-sg13g2/libs.tech/klayout/tech/drc/rule_decks/sg13g2_tech_default.json
2026-09-12 18:52:32 +0600: Memory Usage (463728K) : The following rules values were missing in tech json and default values were used:
2026-09-12 18:52:32 +0600: Memory Usage (463728K) :   - NW_f1_digibnd
2026-09-12 18:52:32 +0600: Memory Usage (463728K) :   - Cnt_c_digibnd
2026-09-12 18:52:32 +0600: Memory Usage (463728K) :   - Cnt_c_sram
2026-09-12 18:52:32 +0600: Memory Usage (463728K) :   - Sdiod_b
2026-09-12 18:52:32 +0600: Memory Usage (463728K) :   - Sdiod_c
2026-09-12 18:52:32 +0600: Memory Usage (465008K) : Total area of the design is 1248758.44 um^2.
2026-09-12 18:52:32 +0600: Memory Usage (465008K) : The design dimensions are 1613.8000000000002 µm * 773.8 µm.
2026-09-12 18:52:32 +0600: Memory Usage (465008K) : Starting general IHP-SG13G2 derivations.
2026-09-12 18:52:32 +0600: Memory Usage (465008K) : Starting Pwell derivations
2026-09-12 18:52:32 +0600: Memory Usage (465520K) : Starting n-Activ derivations
2026-09-12 18:52:32 +0600: Memory Usage (467568K) : Starting p-Activ derivations
2026-09-12 18:52:32 +0600: Memory Usage (467568K) : Starting ptap derivations
2026-09-12 18:52:32 +0600: Memory Usage (467568K) : Starting ntap derivations
2026-09-12 18:52:32 +0600: Memory Usage (467568K) : Starting pact FET derivations
2026-09-12 18:52:32 +0600: Memory Usage (467568K) : Starting nact FET derivations
2026-09-12 18:52:32 +0600: Memory Usage (467568K) : Starting Gate derivations
2026-09-12 18:52:32 +0600: Memory Usage (467568K) : Starting cont/contbar general derivations
2026-09-12 18:52:32 +0600: Memory Usage (467568K) : Starting pad general derivations
2026-09-12 18:52:32 +0600: Memory Usage (467824K) : Starting schottky_nbl general derivations
2026-09-12 18:52:32 +0600: Memory Usage (468336K) : Starting SVaricap general derivations
2026-09-12 18:52:32 +0600: Memory Usage (468592K) : Starting HBT general derivations
2026-09-12 18:52:32 +0600: Memory Usage (468848K) : Starting IHP-SG13G2 DRC connectivity related derivations.
2026-09-12 18:52:32 +0600: Memory Usage (471664K) : Starting IHP-SG13G2 DRC connectivity setup
2026-09-12 18:52:33 +0600: Memory Usage (485744K) : Starting IHP-SG13G2 DRC rules.
2026-09-12 18:52:33 +0600: Memory Usage (485744K) : Running all FEOL rules
2026-09-12 18:52:33 +0600: Memory Usage (485744K) : Running all BEOL rules
2026-09-12 18:52:33 +0600: Memory Usage (485744K) : Running all PIN rules
2026-09-12 18:52:33 +0600: Memory Usage (485744K) : Running all FORBIDDEN rules
2026-09-12 18:52:33 +0600: Memory Usage (485744K) : Starting 5.1 NWell table
2026-09-12 18:52:33 +0600: Memory Usage (485744K) : Executing rule NW.b
2026-09-12 18:52:33 +0600: Memory Usage (485744K) : Executing rule NW.b1
2026-09-12 18:52:33 +0600: Memory Usage (485744K) : Executing rule NW.f1
2026-09-12 18:52:33 +0600: Memory Usage (485744K) : Executing rule NW.f1.digibnd
2026-09-12 18:52:33 +0600: Memory Usage (485744K) : Starting 5.2 PWell:block
2026-09-12 18:52:33 +0600: Memory Usage (485744K) : Executing rule PWB.e
2026-09-12 18:52:33 +0600: Memory Usage (485744K) : Executing rule PWB.e1
2026-09-12 18:52:33 +0600: Memory Usage (485744K) : Executing rule PWB.f
2026-09-12 18:52:33 +0600: Memory Usage (485744K) : Executing rule PWB.f1
2026-09-12 18:52:33 +0600: Memory Usage (485744K) : Starting 5.3 nBuLay table
2026-09-12 18:52:33 +0600: Memory Usage (485744K) : Executing rule NBL.b
2026-09-12 18:52:33 +0600: Memory Usage (485744K) : Executing rule NBL.c
2026-09-12 18:52:33 +0600: Memory Usage (485744K) : Executing rule NBL.d
2026-09-12 18:52:33 +0600: Memory Usage (485744K) : Executing rule NBL.e
2026-09-12 18:52:33 +0600: Memory Usage (485744K) : Executing rule NBL.f
2026-09-12 18:52:33 +0600: Memory Usage (485744K) : Starting 5.5. Activ table
2026-09-12 18:52:33 +0600: Memory Usage (485744K) : Executing rule Act.a
2026-09-12 18:52:33 +0600: Memory Usage (485744K) : Executing rule Act.b
2026-09-12 18:52:33 +0600: Memory Usage (496752K) : Starting 5.6 Activ:filler table
2026-09-12 18:52:33 +0600: Memory Usage (496752K) : Tiling mode is enabled for Activ:filler table.
2026-09-12 18:52:33 +0600: Memory Usage (496752K) : Executing rule AFil.c1
2026-09-12 18:52:33 +0600: Memory Usage (496752K) : Executing rule AFil.c
2026-09-12 18:52:34 +0600: Memory Usage (496752K) : Executing rule AFil.d
2026-09-12 18:52:34 +0600: Memory Usage (496752K) : Executing rule AFil.e
2026-09-12 18:52:34 +0600: Memory Usage (496752K) : Executing rule AFil.j
2026-09-12 18:52:34 +0600: Memory Usage (496752K) : deep mode is enabled after Activ:filler table.
2026-09-12 18:52:34 +0600: Memory Usage (496752K) : Starting 5.7. ThickGateOx table
2026-09-12 18:52:34 +0600: Memory Usage (496752K) : Executing rule TGO.f
2026-09-12 18:52:34 +0600: Memory Usage (496752K) : Starting 5.8. GatPoly table
2026-09-12 18:52:34 +0600: Memory Usage (496752K) : Executing rule Gat.a
2026-09-12 18:52:34 +0600: Memory Usage (496752K) : Executing rule Gat.b
2026-09-12 18:52:34 +0600: Memory Usage (496752K) : Executing rule Gat.d
2026-09-12 18:52:34 +0600: Memory Usage (496752K) : Executing rule Gat.a1
2026-09-12 18:52:34 +0600: Memory Usage (497008K) : Executing rule Gat.a2
2026-09-12 18:52:34 +0600: Memory Usage (497008K) : Executing rule Gat.g
2026-09-12 18:52:34 +0600: Memory Usage (497008K) : Starting 5.9 GatPoly:filler
2026-09-12 18:52:34 +0600: Memory Usage (497008K) : Tiling mode is enabled for GatPoly:filler table.
2026-09-12 18:52:34 +0600: Memory Usage (497008K) : Executing rule GFil.d
2026-09-12 18:52:34 +0600: Memory Usage (497008K) : Executing rule GFil.e
2026-09-12 18:52:34 +0600: Memory Usage (497008K) : Executing rule GFil.i
2026-09-12 18:52:34 +0600: Memory Usage (497008K) : deep mode is enabled after GatPoly:filler table.
2026-09-12 18:52:34 +0600: Memory Usage (497008K) : Starting 5.10 pSD table
2026-09-12 18:52:34 +0600: Memory Usage (497008K) : Executing rule pSD.c1
2026-09-12 18:52:34 +0600: Memory Usage (497008K) : Starting 5.14. Cont table
2026-09-12 18:52:34 +0600: Memory Usage (497008K) : Executing rule Cnt.a
2026-09-12 18:52:34 +0600: Memory Usage (497008K) : Executing rule Cnt.b
2026-09-12 18:52:34 +0600: Memory Usage (497008K) : Executing rule Cnt.c
2026-09-12 18:52:34 +0600: Memory Usage (497008K) : Executing rule Cnt.c.digibnd
2026-09-12 18:52:34 +0600: Memory Usage (497008K) : Executing rule Cnt.c.SRAM
2026-09-12 18:52:34 +0600: Memory Usage (497008K) : Executing rule Cnt.d
2026-09-12 18:52:34 +0600: Memory Usage (497008K) : Executing rule Cnt.e
2026-09-12 18:52:34 +0600: Memory Usage (497008K) : Executing rule Cnt.g1
2026-09-12 18:52:34 +0600: Memory Usage (497008K) : Executing rule Cnt.g2
2026-09-12 18:52:34 +0600: Memory Usage (497008K) : Starting 5.15. ContBar table
2026-09-12 18:52:34 +0600: Memory Usage (497008K) : Executing rule CntB.a
2026-09-12 18:52:34 +0600: Memory Usage (497008K) : Executing rule CntB.a1
2026-09-12 18:52:34 +0600: Memory Usage (497008K) : Executing rule CntB.b1
2026-09-12 18:52:34 +0600: Memory Usage (497008K) : Executing rule CntB.h1
2026-09-12 18:52:34 +0600: Memory Usage (497008K) : Starting 6.1.3 NPN Substrate-Tie table
2026-09-12 18:52:34 +0600: Memory Usage (497008K) : Executing rule npn13G2.bR 
2026-09-12 18:52:34 +0600: Memory Usage (497008K) : Executing rule npn13G2L.cR 
2026-09-12 18:52:34 +0600: Memory Usage (497008K) : Executing rule npn13G2V.cR 
2026-09-12 18:52:34 +0600: Memory Usage (497008K) : Starting 6.7 Schottky diode table
2026-09-12 18:52:34 +0600: Memory Usage (497008K) : Executing rule Sdiod.b
2026-09-12 18:52:34 +0600: Memory Usage (497008K) : Executing rule Sdiod.c
2026-09-12 18:52:34 +0600: Memory Usage (497008K) : Executing rule Sdiod.d
2026-09-12 18:52:34 +0600: Memory Usage (497008K) : Executing rule Sdiod.e
2026-09-12 18:52:34 +0600: Memory Usage (497008K) : Starting 7.2 Latch-up table
2026-09-12 18:52:34 +0600: Memory Usage (497008K) : Executing rule LU.b
2026-09-12 18:52:34 +0600: Memory Usage (497008K) : Starting 5.16. Metal1 table
2026-09-12 18:52:34 +0600: Memory Usage (497008K) : Executing rule M1.a
2026-09-12 18:52:34 +0600: Memory Usage (497008K) : Executing rule M1.b
2026-09-12 18:52:34 +0600: Memory Usage (497520K) : Executing rule M1.e
2026-09-12 18:52:35 +0600: Memory Usage (501616K) : Executing rule M1.f
2026-09-12 18:52:35 +0600: Memory Usage (501616K) : Executing rule M1.g
2026-09-12 18:52:35 +0600: Memory Usage (501872K) : Executing rule M1.i
2026-09-12 18:52:35 +0600: Memory Usage (503664K) : Starting 5.17 Metaln table
2026-09-12 18:52:35 +0600: Memory Usage (503664K) : Executing rule M2.a
2026-09-12 18:52:35 +0600: Memory Usage (506736K) : Executing rule M2.b
2026-09-12 18:52:35 +0600: Memory Usage (506736K) : Executing rule M2.e
2026-09-12 18:52:36 +0600: Memory Usage (508528K) : Executing rule M2.f
2026-09-12 18:52:36 +0600: Memory Usage (508528K) : Executing rule M2.g
2026-09-12 18:52:36 +0600: Memory Usage (508528K) : Executing rule M2.i
2026-09-12 18:52:36 +0600: Memory Usage (508528K) : Executing rule M3.a
2026-09-12 18:52:36 +0600: Memory Usage (508528K) : Executing rule M3.b
2026-09-12 18:52:37 +0600: Memory Usage (509808K) : Executing rule M3.e
2026-09-12 18:52:37 +0600: Memory Usage (511344K) : Executing rule M3.f
2026-09-12 18:52:37 +0600: Memory Usage (512732K) : Executing rule M3.g
2026-09-12 18:52:37 +0600: Memory Usage (512732K) : Executing rule M3.i
2026-09-12 18:52:37 +0600: Memory Usage (512732K) : Executing rule M4.a
2026-09-12 18:52:38 +0600: Memory Usage (512732K) : Executing rule M4.b
2026-09-12 18:52:38 +0600: Memory Usage (512732K) : Executing rule M4.e
2026-09-12 18:52:38 +0600: Memory Usage (512732K) : Executing rule M4.f
2026-09-12 18:52:38 +0600: Memory Usage (512732K) : Executing rule M4.g
2026-09-12 18:52:38 +0600: Memory Usage (512732K) : Executing rule M4.i
2026-09-12 18:52:38 +0600: Memory Usage (512732K) : Executing rule M5.a
2026-09-12 18:52:39 +0600: Memory Usage (512732K) : Executing rule M5.b
2026-09-12 18:52:42 +0600: Memory Usage (512732K) : Executing rule M5.e
2026-09-12 18:52:42 +0600: Memory Usage (512732K) : Executing rule M5.f
2026-09-12 18:52:42 +0600: Memory Usage (512732K) : Executing rule M5.g
2026-09-12 18:52:42 +0600: Memory Usage (512732K) : Executing rule M5.i
2026-09-12 18:52:42 +0600: Memory Usage (512732K) : Starting 5.18 Metaln:filler table
2026-09-12 18:52:42 +0600: Memory Usage (512732K) : Tiling mode is enabled for Metaln:filler table.
2026-09-12 18:52:42 +0600: Memory Usage (512732K) : Executing rule M1Fil.c
2026-09-12 18:52:42 +0600: Memory Usage (512732K) : Executing rule M1Fil.a2
2026-09-12 18:52:42 +0600: Memory Usage (512732K) : Executing rule M2Fil.c
2026-09-12 18:52:43 +0600: Memory Usage (512732K) : Executing rule M2Fil.a2
2026-09-12 18:52:43 +0600: Memory Usage (512732K) : Executing rule M3Fil.c
2026-09-12 18:52:43 +0600: Memory Usage (512732K) : Executing rule M3Fil.a2
2026-09-12 18:52:43 +0600: Memory Usage (512732K) : Executing rule M4Fil.c
2026-09-12 18:52:43 +0600: Memory Usage (513500K) : Executing rule M4Fil.a2
2026-09-12 18:52:43 +0600: Memory Usage (513500K) : Executing rule M5Fil.c
2026-09-12 18:52:44 +0600: Memory Usage (513500K) : Executing rule M5Fil.a2
2026-09-12 18:52:44 +0600: Memory Usage (513500K) : deep mode is enabled after Metaln:filler table.
2026-09-12 18:52:44 +0600: Memory Usage (513500K) : Starting 5.19. Via1 table
2026-09-12 18:52:44 +0600: Memory Usage (513500K) : Starting 5.19. Via1 table derivations
2026-09-12 18:52:44 +0600: Memory Usage (513500K) : Executing rule V1.a
2026-09-12 18:52:44 +0600: Memory Usage (534236K) : Executing rule V1.b
2026-09-12 18:52:44 +0600: Memory Usage (534236K) : Executing rule V1.c
2026-09-12 18:52:44 +0600: Memory Usage (534236K) : Starting 5.20. Vian table
2026-09-12 18:52:44 +0600: Memory Usage (534236K) : Executing rule V2.a
2026-09-12 18:52:45 +0600: Memory Usage (534748K) : Executing rule V2.b
2026-09-12 18:52:45 +0600: Memory Usage (534748K) : Executing rule V2.c
2026-09-12 18:52:45 +0600: Memory Usage (534748K) : Executing rule V3.a
2026-09-12 18:52:45 +0600: Memory Usage (537820K) : Executing rule V3.b
2026-09-12 18:52:46 +0600: Memory Usage (537820K) : Executing rule V3.c
2026-09-12 18:52:47 +0600: Memory Usage (537820K) : Executing rule V4.a
2026-09-12 18:52:47 +0600: Memory Usage (538332K) : Executing rule V4.b
2026-09-12 18:52:47 +0600: Memory Usage (538332K) : Executing rule V4.c
2026-09-12 18:52:48 +0600: Memory Usage (538332K) : Starting 5.21. TopVia1 table
2026-09-12 18:52:48 +0600: Memory Usage (538332K) : Executing rule TV1.a
2026-09-12 18:52:48 +0600: Memory Usage (538332K) : Executing rule TV1.b
2026-09-12 18:52:48 +0600: Memory Usage (538332K) : Executing rule TV1.c
2026-09-12 18:52:48 +0600: Memory Usage (538332K) : Executing rule TV1.d
2026-09-12 18:52:48 +0600: Memory Usage (538332K) : Starting 5.22. TopMetal1 table
2026-09-12 18:52:48 +0600: Memory Usage (538332K) : Executing rule TM1.a
2026-09-12 18:52:48 +0600: Memory Usage (538332K) : Executing rule TM1.b
2026-09-12 18:52:48 +0600: Memory Usage (538332K) : Starting 5.23 TopMetal1:filler table
2026-09-12 18:52:48 +0600: Memory Usage (538332K) : Tiling mode is enabled for TopMetal1:filler table.
2026-09-12 18:52:48 +0600: Memory Usage (538332K) : Executing rule TM1Fil.c
2026-09-12 18:52:48 +0600: Memory Usage (538332K) : Executing rule TM1Fil.a1
2026-09-12 18:52:48 +0600: Memory Usage (538332K) : deep mode is enabled after TopMetal1:filler table.
2026-09-12 18:52:48 +0600: Memory Usage (538332K) : Starting 5.24. TopVia2 table
2026-09-12 18:52:48 +0600: Memory Usage (538332K) : Executing rule TV2.a
2026-09-12 18:52:48 +0600: Memory Usage (538332K) : Executing rule TV2.b
2026-09-12 18:52:48 +0600: Memory Usage (538332K) : Executing rule TV2.c
2026-09-12 18:52:48 +0600: Memory Usage (538332K) : Executing rule TV2.d
2026-09-12 18:52:48 +0600: Memory Usage (538332K) : Starting 5.25. TopMetal2 table
2026-09-12 18:52:48 +0600: Memory Usage (538332K) : Executing rule TM2.a
2026-09-12 18:52:49 +0600: Memory Usage (538332K) : Executing rule TM2.b
2026-09-12 18:52:49 +0600: Memory Usage (538332K) : Executing rule TM2.bR
2026-09-12 18:52:49 +0600: Memory Usage (538332K) : Starting 5.26 TopMetal2:filler table
2026-09-12 18:52:49 +0600: Memory Usage (538332K) : Tiling mode is enabled for TopMetal2:filler table.
2026-09-12 18:52:49 +0600: Memory Usage (538332K) : Executing rule TM2Fil.c
2026-09-12 18:52:49 +0600: Memory Usage (538332K) : Executing rule TM2Fil.a1
2026-09-12 18:52:49 +0600: Memory Usage (538332K) : deep mode is enabled after TopMetal2:filler table.
2026-09-12 18:52:49 +0600: Memory Usage (538332K) : Starting 5.27. Passiv table
2026-09-12 18:52:49 +0600: Memory Usage (538332K) : Executing rule Pas.a
2026-09-12 18:52:49 +0600: Memory Usage (538332K) : Executing rule Pas.b
2026-09-12 18:52:49 +0600: Memory Usage (538332K) : Executing rule Pas.c
2026-09-12 18:52:49 +0600: Memory Usage (538332K) : Starting 6.9.2 Copper Pillar table
2026-09-12 18:52:49 +0600: Memory Usage (538332K) : Executing rule Padc.a
2026-09-12 18:52:49 +0600: Memory Usage (538332K) : Executing rule Padc.b
2026-09-12 18:52:49 +0600: Memory Usage (538332K) : Executing rule Padc.c
2026-09-12 18:52:49 +0600: Memory Usage (538332K) : Executing rule Padb.f
2026-09-12 18:52:49 +0600: Memory Usage (538332K) : Starting 6.9 Pad table
2026-09-12 18:52:49 +0600: Memory Usage (538332K) : Executing rule Pad.m
2026-09-12 18:52:49 +0600: Memory Usage (538332K) : Executing rule Pad.fR_M1
2026-09-12 18:52:49 +0600: Memory Usage (538332K) : Executing rule Pad.fR_M2
2026-09-12 18:52:49 +0600: Memory Usage (538332K) : Executing rule Pad.fR_M3
2026-09-12 18:52:49 +0600: Memory Usage (538844K) : Executing rule Pad.fR_M4
2026-09-12 18:52:50 +0600: Memory Usage (538844K) : Executing rule Pad.fR_M5
2026-09-12 18:52:50 +0600: Memory Usage (538844K) : Executing rule Pad.fR_TM1
2026-09-12 18:52:50 +0600: Memory Usage (538844K) : Executing rule Pad.fR_TM2
2026-09-12 18:52:50 +0600: Memory Usage (538844K) : Executing rule Pad.i
2026-09-12 18:52:50 +0600: Memory Usage (538844K) : Starting 6.9.1 Solder Bump
2026-09-12 18:52:50 +0600: Memory Usage (538844K) : Executing rule Padb.a
2026-09-12 18:52:50 +0600: Memory Usage (538844K) : Executing rule Padb.b
2026-09-12 18:52:50 +0600: Memory Usage (538844K) : Executing rule Padb.c
2026-09-12 18:52:50 +0600: Memory Usage (538844K) : Executing rule Padb.f
2026-09-12 18:52:50 +0600: Memory Usage (538844K) : Executing rule Padb.d
2026-09-12 18:52:50 +0600: Memory Usage (538844K) : Starting 6.10 Sealring table
2026-09-12 18:52:50 +0600: Memory Usage (538844K) : Tiling mode is enabled for Seal.l rule.
2026-09-12 18:52:50 +0600: Memory Usage (538844K) : Executing rule Seal.l
2026-09-12 18:52:57 +0600: Memory Usage (563080K) : deep mode is enabled after Seal.l rule.
2026-09-12 18:52:57 +0600: Memory Usage (563080K) : Executing rule Seal.n
2026-09-12 18:52:57 +0600: Memory Usage (563080K) : Executing rule seal.b_metal1
2026-09-12 18:52:57 +0600: Memory Usage (563080K) : Executing rule seal.b_metal2
2026-09-12 18:52:57 +0600: Memory Usage (563080K) : Executing rule seal.b_metal3
2026-09-12 18:52:57 +0600: Memory Usage (563336K) : Executing rule seal.b_metal4
2026-09-12 18:52:57 +0600: Memory Usage (563336K) : Executing rule seal.b_metal5
2026-09-12 18:52:57 +0600: Memory Usage (563336K) : Executing rule seal.b_topmetal1
2026-09-12 18:52:57 +0600: Memory Usage (563336K) : Executing rule seal.b_topmetal2
2026-09-12 18:52:57 +0600: Memory Usage (563336K) : Executing rule seal.b_activ
2026-09-12 18:52:57 +0600: Memory Usage (563336K) : Executing rule seal.b_psd
2026-09-12 18:52:57 +0600: Memory Usage (563336K) : Executing rule Seal.k
2026-09-12 18:52:57 +0600: Memory Usage (563336K) : Executing rule Seal.m
2026-09-12 18:52:57 +0600: Memory Usage (563336K) : Starting 6.11 MIM table
2026-09-12 18:52:57 +0600: Memory Usage (563336K) : Executing rule MIM.c
2026-09-12 18:52:57 +0600: Memory Usage (563336K) : Executing rule MIM.d
2026-09-12 18:52:57 +0600: Memory Usage (563336K) : Executing rule MIM.gR
2026-09-12 18:52:57 +0600: Memory Usage (563336K) : Starting 7.3 Metal Slits table
2026-09-12 18:52:57 +0600: Memory Usage (563336K) : Executing rule Slt.e1_M1
2026-09-12 18:52:57 +0600: Memory Usage (563336K) : Executing rule Slt.e1_M2
2026-09-12 18:52:57 +0600: Memory Usage (563336K) : Executing rule Slt.e1_M3
2026-09-12 18:52:57 +0600: Memory Usage (563336K) : Executing rule Slt.e1_M4
2026-09-12 18:52:57 +0600: Memory Usage (563592K) : Executing rule Slt.e1_M5
2026-09-12 18:52:57 +0600: Memory Usage (563592K) : Executing rule Slt.e1_TM1
2026-09-12 18:52:57 +0600: Memory Usage (563592K) : Executing rule Slt.e1_TM2
2026-09-12 18:52:57 +0600: Memory Usage (563592K) : Starting 9.1. LBE table
2026-09-12 18:52:57 +0600: Memory Usage (563592K) : Executing rule LBE.a
2026-09-12 18:52:57 +0600: Memory Usage (563592K) : Executing rule LBE.b
2026-09-12 18:52:57 +0600: Memory Usage (563592K) : Executing rule LBE.b1
2026-09-12 18:52:57 +0600: Memory Usage (563592K) : Executing rule LBE.c
2026-09-12 18:52:57 +0600: Memory Usage (563592K) : Executing rule LBE.d
2026-09-12 18:52:57 +0600: Memory Usage (563592K) : Executing rule LBE.h
2026-09-12 18:52:57 +0600: Memory Usage (563592K) : Starting 7.4. PIN table
2026-09-12 18:52:57 +0600: Memory Usage (563592K) : Executing rule Pin.a
2026-09-12 18:52:57 +0600: Memory Usage (563592K) : Executing rule Pin.b
2026-09-12 18:52:57 +0600: Memory Usage (563592K) : Executing rule Pin.e
2026-09-12 18:52:57 +0600: Memory Usage (563592K) : Executing rule Pin.f_M2
2026-09-12 18:52:57 +0600: Memory Usage (563592K) : Executing rule Pin.f_M3
2026-09-12 18:52:57 +0600: Memory Usage (563592K) : Executing rule Pin.f_M4
2026-09-12 18:52:57 +0600: Memory Usage (563592K) : Executing rule Pin.f_M5
2026-09-12 18:52:57 +0600: Memory Usage (563592K) : Executing rule Pin.g
2026-09-12 18:52:57 +0600: Memory Usage (563592K) : Executing rule Pin.h
2026-09-12 18:52:57 +0600: Memory Usage (563592K) : Starting 3.1. offgrid table
2026-09-12 18:52:57 +0600: Memory Usage (563592K) : Executing rule activ_drw_Offgrid
2026-09-12 18:52:57 +0600: Memory Usage (563592K) : Executing rule activ_mask_Offgrid
2026-09-12 18:52:57 +0600: Memory Usage (563592K) : Executing rule activ_filler_Offgrid
2026-09-12 18:52:57 +0600: Memory Usage (564616K) : Executing rule activ_opc_Offgrid
2026-09-12 18:52:57 +0600: Memory Usage (564616K) : Executing rule activ_iopc_Offgrid
2026-09-12 18:52:57 +0600: Memory Usage (564616K) : Executing rule biwind_drw_Offgrid
2026-09-12 18:52:57 +0600: Memory Usage (564616K) : Executing rule biwind_opc_Offgrid
2026-09-12 18:52:57 +0600: Memory Usage (564616K) : Executing rule pemwind_drw_Offgrid
2026-09-12 18:52:57 +0600: Memory Usage (564616K) : Executing rule gatpoly_drw_Offgrid
2026-09-12 18:52:57 +0600: Memory Usage (564616K) : Executing rule gatpoly_filler_Offgrid
2026-09-12 18:52:57 +0600: Memory Usage (564616K) : Executing rule gatpoly_opc_Offgrid
2026-09-12 18:52:57 +0600: Memory Usage (564616K) : Executing rule gatpoly_iopc_Offgrid
2026-09-12 18:52:57 +0600: Memory Usage (564616K) : Executing rule gatpoly_noqrc_Offgrid
2026-09-12 18:52:57 +0600: Memory Usage (564616K) : Executing rule cont_drw_Offgrid
2026-09-12 18:52:57 +0600: Memory Usage (564616K) : Executing rule cont_opc_Offgrid
2026-09-12 18:52:57 +0600: Memory Usage (564616K) : Executing rule nsd_drw_Offgrid
2026-09-12 18:52:57 +0600: Memory Usage (564616K) : Executing rule nsd_block_Offgrid
2026-09-12 18:52:57 +0600: Memory Usage (564616K) : Executing rule metal1_drw_Offgrid
2026-09-12 18:52:57 +0600: Memory Usage (564616K) : Executing rule metal1_mask_Offgrid
2026-09-12 18:52:57 +0600: Memory Usage (564616K) : Executing rule metal1_filler_Offgrid
2026-09-12 18:52:57 +0600: Memory Usage (564616K) : Executing rule metal1_slit_Offgrid
2026-09-12 18:52:57 +0600: Memory Usage (564616K) : Executing rule metal1_opc_Offgrid
2026-09-12 18:52:57 +0600: Memory Usage (564616K) : Executing rule metal1_noqrc_Offgrid
2026-09-12 18:52:57 +0600: Memory Usage (564616K) : Executing rule metal1_res_Offgrid
2026-09-12 18:52:57 +0600: Memory Usage (564616K) : Executing rule metal1_iprobe_Offgrid
2026-09-12 18:52:57 +0600: Memory Usage (564616K) : Executing rule metal1_diffprb_Offgrid
2026-09-12 18:52:57 +0600: Memory Usage (564616K) : Executing rule passiv_drw_Offgrid
2026-09-12 18:52:57 +0600: Memory Usage (564616K) : Executing rule passiv_pillar_Offgrid
2026-09-12 18:52:57 +0600: Memory Usage (564616K) : Executing rule passiv_sbump_Offgrid
2026-09-12 18:52:57 +0600: Memory Usage (564616K) : Executing rule passiv_pdl_Offgrid
2026-09-12 18:52:57 +0600: Memory Usage (564616K) : Executing rule metal2_drw_Offgrid
2026-09-12 18:52:57 +0600: Memory Usage (564616K) : Executing rule metal2_mask_Offgrid
2026-09-12 18:52:57 +0600: Memory Usage (564616K) : Executing rule metal2_filler_Offgrid
2026-09-12 18:52:57 +0600: Memory Usage (564616K) : Executing rule metal2_slit_Offgrid
2026-09-12 18:52:57 +0600: Memory Usage (564616K) : Executing rule metal2_opc_Offgrid
2026-09-12 18:52:57 +0600: Memory Usage (564616K) : Executing rule metal2_noqrc_Offgrid
2026-09-12 18:52:57 +0600: Memory Usage (564616K) : Executing rule metal2_res_Offgrid
2026-09-12 18:52:57 +0600: Memory Usage (564616K) : Executing rule metal2_iprobe_Offgrid
2026-09-12 18:52:57 +0600: Memory Usage (564616K) : Executing rule metal2_diffprb_Offgrid
2026-09-12 18:52:57 +0600: Memory Usage (564616K) : Executing rule baspoly_drw_Offgrid
2026-09-12 18:52:57 +0600: Memory Usage (564616K) : Executing rule psd_drw_Offgrid
2026-09-12 18:52:57 +0600: Memory Usage (564616K) : Executing rule nldb_drw_Offgrid
2026-09-12 18:52:57 +0600: Memory Usage (564616K) : Executing rule via1_drw_Offgrid
2026-09-12 18:53:00 +0600: Memory Usage (634168K) : Executing rule backmetal1_drw_Offgrid
2026-09-12 18:53:00 +0600: Memory Usage (634168K) : Executing rule backmetal1_mask_Offgrid
2026-09-12 18:53:00 +0600: Memory Usage (634168K) : Executing rule backmetal1_filler_Offgrid
2026-09-12 18:53:00 +0600: Memory Usage (634168K) : Executing rule backmetal1_slit_Offgrid
2026-09-12 18:53:00 +0600: Memory Usage (634168K) : Executing rule backmetal1_opc_Offgrid
2026-09-12 18:53:00 +0600: Memory Usage (634168K) : Executing rule backmetal1_noqrc_Offgrid
2026-09-12 18:53:00 +0600: Memory Usage (634168K) : Executing rule backmetal1_res_Offgrid
2026-09-12 18:53:00 +0600: Memory Usage (634168K) : Executing rule backmetal1_iprobe_Offgrid
2026-09-12 18:53:00 +0600: Memory Usage (634168K) : Executing rule backmetal1_diffprb_Offgrid
2026-09-12 18:53:00 +0600: Memory Usage (634168K) : Executing rule backpassiv_drw_Offgrid
2026-09-12 18:53:00 +0600: Memory Usage (634168K) : Executing rule salblock_drw_Offgrid
2026-09-12 18:53:00 +0600: Memory Usage (634168K) : Executing rule via2_drw_Offgrid
2026-09-12 18:53:01 +0600: Memory Usage (667188K) : Executing rule metal3_drw_Offgrid
2026-09-12 18:53:02 +0600: Memory Usage (666676K) : Executing rule metal3_mask_Offgrid
2026-09-12 18:53:02 +0600: Memory Usage (666676K) : Executing rule metal3_filler_Offgrid
2026-09-12 18:53:02 +0600: Memory Usage (666676K) : Executing rule metal3_slit_Offgrid
2026-09-12 18:53:02 +0600: Memory Usage (666676K) : Executing rule metal3_opc_Offgrid
2026-09-12 18:53:02 +0600: Memory Usage (666676K) : Executing rule metal3_noqrc_Offgrid
2026-09-12 18:53:02 +0600: Memory Usage (666676K) : Executing rule metal3_res_Offgrid
2026-09-12 18:53:02 +0600: Memory Usage (666676K) : Executing rule metal3_iprobe_Offgrid
2026-09-12 18:53:02 +0600: Memory Usage (666676K) : Executing rule metal3_diffprb_Offgrid
2026-09-12 18:53:02 +0600: Memory Usage (666676K) : Executing rule nwell_drw_Offgrid
2026-09-12 18:53:02 +0600: Memory Usage (666676K) : Executing rule nbulay_drw_Offgrid
2026-09-12 18:53:02 +0600: Memory Usage (666676K) : Executing rule nbulay_block_Offgrid
2026-09-12 18:53:02 +0600: Memory Usage (666676K) : Executing rule pwell_drw_Offgrid
2026-09-12 18:53:02 +0600: Memory Usage (666676K) : Executing rule pwell_block_Offgrid
2026-09-12 18:53:02 +0600: Memory Usage (666676K) : Executing rule emwind_drw_Offgrid
2026-09-12 18:53:02 +0600: Memory Usage (666676K) : Executing rule emwind_opc_Offgrid
2026-09-12 18:53:02 +0600: Memory Usage (666676K) : Executing rule deepco_drw_Offgrid
2026-09-12 18:53:02 +0600: Memory Usage (666676K) : Executing rule mim_drw_Offgrid
2026-09-12 18:53:02 +0600: Memory Usage (666676K) : Executing rule substrate_drw_Offgrid
2026-09-12 18:53:02 +0600: Memory Usage (666676K) : Executing rule ic_drw_Offgrid
2026-09-12 18:53:02 +0600: Memory Usage (666676K) : Executing rule via3_drw_Offgrid
2026-09-12 18:53:03 +0600: Memory Usage (673788K) : Executing rule pldb_drw_Offgrid
2026-09-12 18:53:03 +0600: Memory Usage (673788K) : Executing rule metal4_drw_Offgrid
2026-09-12 18:53:03 +0600: Memory Usage (673020K) : Executing rule metal4_mask_Offgrid
2026-09-12 18:53:03 +0600: Memory Usage (673020K) : Executing rule metal4_filler_Offgrid
2026-09-12 18:53:03 +0600: Memory Usage (673020K) : Executing rule metal4_slit_Offgrid
2026-09-12 18:53:03 +0600: Memory Usage (673020K) : Executing rule metal4_opc_Offgrid
2026-09-12 18:53:03 +0600: Memory Usage (673020K) : Executing rule metal4_noqrc_Offgrid
2026-09-12 18:53:03 +0600: Memory Usage (673020K) : Executing rule metal4_res_Offgrid
2026-09-12 18:53:03 +0600: Memory Usage (673020K) : Executing rule metal4_iprobe_Offgrid
2026-09-12 18:53:03 +0600: Memory Usage (673020K) : Executing rule metal4_diffprb_Offgrid
2026-09-12 18:53:03 +0600: Memory Usage (673020K) : Executing rule via4_drw_Offgrid
2026-09-12 18:53:06 +0600: Memory Usage (676056K) : Executing rule metal5_drw_Offgrid
2026-09-12 18:53:06 +0600: Memory Usage (676056K) : Executing rule metal5_mask_Offgrid
2026-09-12 18:53:06 +0600: Memory Usage (676056K) : Executing rule metal5_filler_Offgrid
2026-09-12 18:53:06 +0600: Memory Usage (676056K) : Executing rule metal5_slit_Offgrid
2026-09-12 18:53:06 +0600: Memory Usage (676056K) : Executing rule metal5_opc_Offgrid
2026-09-12 18:53:06 +0600: Memory Usage (676056K) : Executing rule metal5_noqrc_Offgrid
2026-09-12 18:53:06 +0600: Memory Usage (676056K) : Executing rule metal5_res_Offgrid
2026-09-12 18:53:06 +0600: Memory Usage (676056K) : Executing rule metal5_iprobe_Offgrid
2026-09-12 18:53:06 +0600: Memory Usage (676056K) : Executing rule metal5_diffprb_Offgrid
2026-09-12 18:53:06 +0600: Memory Usage (676056K) : Executing rule prboundary_drw_Offgrid
2026-09-12 18:53:06 +0600: Memory Usage (676056K) : Executing rule exchange0_drw_Offgrid
2026-09-12 18:53:06 +0600: Memory Usage (676056K) : Executing rule exchange1_drw_Offgrid
2026-09-12 18:53:06 +0600: Memory Usage (676056K) : Executing rule exchange2_drw_Offgrid
2026-09-12 18:53:06 +0600: Memory Usage (676056K) : Executing rule exchange3_drw_Offgrid
2026-09-12 18:53:06 +0600: Memory Usage (676056K) : Executing rule exchange4_drw_Offgrid
2026-09-12 18:53:06 +0600: Memory Usage (676056K) : Executing rule isonwell_drw_Offgrid
2026-09-12 18:53:06 +0600: Memory Usage (676056K) : Executing rule thickgateox_drw_Offgrid
2026-09-12 18:53:06 +0600: Memory Usage (676056K) : Executing rule pempoly_drw_Offgrid
2026-09-12 18:53:06 +0600: Memory Usage (676056K) : Executing rule fbe_drw_Offgrid
2026-09-12 18:53:06 +0600: Memory Usage (676056K) : Executing rule empoly_drw_Offgrid
2026-09-12 18:53:06 +0600: Memory Usage (676056K) : Executing rule ldmos_drw_Offgrid
2026-09-12 18:53:06 +0600: Memory Usage (676056K) : Executing rule pbiwind_drw_Offgrid
2026-09-12 18:53:06 +0600: Memory Usage (676056K) : Executing rule colopen_drw_Offgrid
2026-09-12 18:53:06 +0600: Memory Usage (676056K) : Executing rule extblock_drw_Offgrid
2026-09-12 18:53:06 +0600: Memory Usage (676056K) : Executing rule nldd_drw_Offgrid
2026-09-12 18:53:06 +0600: Memory Usage (676056K) : Executing rule pldd_drw_Offgrid
2026-09-12 18:53:06 +0600: Memory Usage (676056K) : Executing rule next_drw_Offgrid
2026-09-12 18:53:06 +0600: Memory Usage (676056K) : Executing rule pext_drw_Offgrid
2026-09-12 18:53:06 +0600: Memory Usage (676056K) : Executing rule nexthv_drw_Offgrid
2026-09-12 18:53:06 +0600: Memory Usage (676056K) : Executing rule pexthv_drw_Offgrid
2026-09-12 18:53:06 +0600: Memory Usage (676056K) : Executing rule graphgate_drw_Offgrid
2026-09-12 18:53:06 +0600: Memory Usage (676056K) : Executing rule mempad_drw_Offgrid
2026-09-12 18:53:06 +0600: Memory Usage (676056K) : Executing rule topvia1_drw_Offgrid
2026-09-12 18:53:07 +0600: Memory Usage (676056K) : Executing rule topmetal1_drw_Offgrid
2026-09-12 18:53:07 +0600: Memory Usage (676056K) : Executing rule topmetal1_mask_Offgrid
2026-09-12 18:53:07 +0600: Memory Usage (676056K) : Executing rule topmetal1_filler_Offgrid
2026-09-12 18:53:07 +0600: Memory Usage (676056K) : Executing rule topmetal1_slit_Offgrid
2026-09-12 18:53:07 +0600: Memory Usage (676056K) : Executing rule topmetal1_noqrc_Offgrid
2026-09-12 18:53:07 +0600: Memory Usage (676056K) : Executing rule topmetal1_res_Offgrid
2026-09-12 18:53:07 +0600: Memory Usage (676056K) : Executing rule topmetal1_iprobe_Offgrid
2026-09-12 18:53:07 +0600: Memory Usage (676056K) : Executing rule topmetal1_diffprb_Offgrid
2026-09-12 18:53:07 +0600: Memory Usage (676056K) : Executing rule inldpwl_drw_Offgrid
2026-09-12 18:53:07 +0600: Memory Usage (676056K) : Executing rule polyres_drw_Offgrid
2026-09-12 18:53:07 +0600: Memory Usage (676056K) : Executing rule vmim_drw_Offgrid
2026-09-12 18:53:07 +0600: Memory Usage (676056K) : Executing rule nbulaycut_drw_Offgrid
2026-09-12 18:53:07 +0600: Memory Usage (676056K) : Executing rule antmetal1_drw_Offgrid
2026-09-12 18:53:07 +0600: Memory Usage (676056K) : Executing rule topvia2_drw_Offgrid
2026-09-12 18:53:07 +0600: Memory Usage (676312K) : Executing rule topmetal2_drw_Offgrid
2026-09-12 18:53:07 +0600: Memory Usage (676312K) : Executing rule topmetal2_mask_Offgrid
2026-09-12 18:53:07 +0600: Memory Usage (676312K) : Executing rule topmetal2_filler_Offgrid
2026-09-12 18:53:07 +0600: Memory Usage (676312K) : Executing rule topmetal2_slit_Offgrid
2026-09-12 18:53:07 +0600: Memory Usage (674520K) : Executing rule topmetal2_noqrc_Offgrid
2026-09-12 18:53:07 +0600: Memory Usage (674520K) : Executing rule topmetal2_res_Offgrid
2026-09-12 18:53:07 +0600: Memory Usage (674520K) : Executing rule topmetal2_iprobe_Offgrid
2026-09-12 18:53:07 +0600: Memory Usage (674520K) : Executing rule topmetal2_diffprb_Offgrid
2026-09-12 18:53:07 +0600: Memory Usage (674520K) : Executing rule snsring_drw_Offgrid
2026-09-12 18:53:07 +0600: Memory Usage (674520K) : Executing rule sensor_drw_Offgrid
2026-09-12 18:53:07 +0600: Memory Usage (674520K) : Executing rule snsarms_drw_Offgrid
2026-09-12 18:53:07 +0600: Memory Usage (674520K) : Executing rule snscmosvia_drw_Offgrid
2026-09-12 18:53:07 +0600: Memory Usage (674520K) : Executing rule colwind_drw_Offgrid
2026-09-12 18:53:07 +0600: Memory Usage (674520K) : Executing rule flm_drw_Offgrid
2026-09-12 18:53:07 +0600: Memory Usage (674520K) : Executing rule hafniumox_drw_Offgrid
2026-09-12 18:53:07 +0600: Memory Usage (674520K) : Executing rule memvia_drw_Offgrid
2026-09-12 18:53:07 +0600: Memory Usage (674520K) : Executing rule thinfilmres_drw_Offgrid
2026-09-12 18:53:07 +0600: Memory Usage (674520K) : Executing rule rfmem_drw_Offgrid
2026-09-12 18:53:07 +0600: Memory Usage (674520K) : Executing rule snsbotvia_drw_Offgrid
2026-09-12 18:53:07 +0600: Memory Usage (674520K) : Executing rule snstopvia_drw_Offgrid
2026-09-12 18:53:07 +0600: Memory Usage (674520K) : Executing rule deepvia_drw_Offgrid
2026-09-12 18:53:07 +0600: Memory Usage (674520K) : Executing rule fgetch_drw_Offgrid
2026-09-12 18:53:07 +0600: Memory Usage (674520K) : Executing rule ctrgat_drw_Offgrid
2026-09-12 18:53:07 +0600: Memory Usage (674520K) : Executing rule fgimp_drw_Offgrid
2026-09-12 18:53:07 +0600: Memory Usage (674520K) : Executing rule emwihv_drw_Offgrid
2026-09-12 18:53:07 +0600: Memory Usage (674520K) : Executing rule lbe_drw_Offgrid
2026-09-12 18:53:07 +0600: Memory Usage (674520K) : Executing rule alcustop_drw_Offgrid
2026-09-12 18:53:07 +0600: Memory Usage (674520K) : Starting 3.2. angle table
2026-09-12 18:53:07 +0600: Memory Usage (674520K) : Executing rule activ_drw_Acute
2026-09-12 18:53:07 +0600: Memory Usage (674520K) : Executing rule activ_pin_Acute
2026-09-12 18:53:07 +0600: Memory Usage (674520K) : Executing rule activ_mask_Acute
2026-09-12 18:53:07 +0600: Memory Usage (674520K) : Executing rule activ_filler_Acute
2026-09-12 18:53:07 +0600: Memory Usage (674520K) : Executing rule activ_nofill_Acute
2026-09-12 18:53:07 +0600: Memory Usage (674520K) : Executing rule activ_opc_Acute
2026-09-12 18:53:07 +0600: Memory Usage (674520K) : Executing rule activ_iopc_Acute
2026-09-12 18:53:07 +0600: Memory Usage (674520K) : Executing rule activ_noqrc_Acute
2026-09-12 18:53:07 +0600: Memory Usage (674520K) : Executing rule biwind_drw_Acute
2026-09-12 18:53:07 +0600: Memory Usage (674520K) : Executing rule biwind_opc_Acute
2026-09-12 18:53:07 +0600: Memory Usage (674520K) : Executing rule pemwind_drw_Acute
2026-09-12 18:53:07 +0600: Memory Usage (674520K) : Executing rule gatpoly_drw_Acute
2026-09-12 18:53:07 +0600: Memory Usage (674520K) : Executing rule gatpoly_pin_Acute
2026-09-12 18:53:07 +0600: Memory Usage (674520K) : Executing rule gatpoly_filler_Acute
2026-09-12 18:53:07 +0600: Memory Usage (674520K) : Executing rule gatpoly_nofill_Acute
2026-09-12 18:53:07 +0600: Memory Usage (674520K) : Executing rule gatpoly_opc_Acute
2026-09-12 18:53:07 +0600: Memory Usage (674520K) : Executing rule gatpoly_iopc_Acute
2026-09-12 18:53:07 +0600: Memory Usage (674520K) : Executing rule gatpoly_noqrc_Acute
2026-09-12 18:53:07 +0600: Memory Usage (674520K) : Executing rule cont_drw_Acute
2026-09-12 18:53:07 +0600: Memory Usage (674520K) : Executing rule cont_opc_Acute
2026-09-12 18:53:07 +0600: Memory Usage (674520K) : Executing rule nsd_drw_Acute
2026-09-12 18:53:07 +0600: Memory Usage (674520K) : Executing rule nsd_block_Acute
2026-09-12 18:53:07 +0600: Memory Usage (674520K) : Executing rule metal1_drw_Acute
2026-09-12 18:53:08 +0600: Memory Usage (674520K) : Executing rule metal1_pin_Acute
2026-09-12 18:53:08 +0600: Memory Usage (674520K) : Executing rule metal1_mask_Acute
2026-09-12 18:53:08 +0600: Memory Usage (674520K) : Executing rule metal1_filler_Acute
2026-09-12 18:53:08 +0600: Memory Usage (674520K) : Executing rule metal1_nofill_Acute
2026-09-12 18:53:08 +0600: Memory Usage (674520K) : Executing rule metal1_slit_Acute
2026-09-12 18:53:08 +0600: Memory Usage (674520K) : Executing rule metal1_opc_Acute
2026-09-12 18:53:08 +0600: Memory Usage (674520K) : Executing rule metal1_noqrc_Acute
2026-09-12 18:53:08 +0600: Memory Usage (674520K) : Executing rule metal1_res_Acute
2026-09-12 18:53:08 +0600: Memory Usage (674520K) : Executing rule metal1_iprobe_Acute
2026-09-12 18:53:08 +0600: Memory Usage (674520K) : Executing rule metal1_diffprb_Acute
2026-09-12 18:53:08 +0600: Memory Usage (674520K) : Executing rule passiv_drw_Acute
2026-09-12 18:53:08 +0600: Memory Usage (672216K) : Executing rule passiv_pin_Acute
2026-09-12 18:53:08 +0600: Memory Usage (672216K) : Executing rule passiv_pillar_Acute
2026-09-12 18:53:08 +0600: Memory Usage (672216K) : Executing rule passiv_sbump_Acute
2026-09-12 18:53:08 +0600: Memory Usage (672216K) : Executing rule passiv_pdl_Acute
2026-09-12 18:53:08 +0600: Memory Usage (672216K) : Executing rule metal2_drw_Acute
2026-09-12 18:53:08 +0600: Memory Usage (672216K) : Executing rule metal2_pin_Acute
2026-09-12 18:53:08 +0600: Memory Usage (672216K) : Executing rule metal2_mask_Acute
2026-09-12 18:53:08 +0600: Memory Usage (672216K) : Executing rule metal2_filler_Acute
2026-09-12 18:53:08 +0600: Memory Usage (672216K) : Executing rule metal2_nofill_Acute
2026-09-12 18:53:08 +0600: Memory Usage (672216K) : Executing rule metal2_slit_Acute
2026-09-12 18:53:08 +0600: Memory Usage (672216K) : Executing rule metal2_opc_Acute
2026-09-12 18:53:08 +0600: Memory Usage (672216K) : Executing rule metal2_noqrc_Acute
2026-09-12 18:53:08 +0600: Memory Usage (672216K) : Executing rule metal2_res_Acute
2026-09-12 18:53:08 +0600: Memory Usage (672216K) : Executing rule metal2_iprobe_Acute
2026-09-12 18:53:08 +0600: Memory Usage (672216K) : Executing rule metal2_diffprb_Acute
2026-09-12 18:53:08 +0600: Memory Usage (672216K) : Executing rule baspoly_drw_Acute
2026-09-12 18:53:08 +0600: Memory Usage (672216K) : Executing rule baspoly_pin_Acute
2026-09-12 18:53:08 +0600: Memory Usage (672216K) : Executing rule psd_drw_Acute
2026-09-12 18:53:08 +0600: Memory Usage (672216K) : Executing rule nldb_drw_Acute
2026-09-12 18:53:08 +0600: Memory Usage (672216K) : Executing rule via1_drw_Acute
2026-09-12 18:53:10 +0600: Memory Usage (676540K) : Executing rule backmetal1_drw_Acute
2026-09-12 18:53:10 +0600: Memory Usage (676540K) : Executing rule backmetal1_pin_Acute
2026-09-12 18:53:10 +0600: Memory Usage (676540K) : Executing rule backmetal1_mask_Acute
2026-09-12 18:53:10 +0600: Memory Usage (676540K) : Executing rule backmetal1_filler_Acute
2026-09-12 18:53:10 +0600: Memory Usage (676540K) : Executing rule backmetal1_nofill_Acute
2026-09-12 18:53:10 +0600: Memory Usage (676540K) : Executing rule backmetal1_slit_Acute
2026-09-12 18:53:10 +0600: Memory Usage (676540K) : Executing rule backmetal1_opc_Acute
2026-09-12 18:53:10 +0600: Memory Usage (676540K) : Executing rule backmetal1_noqrc_Acute
2026-09-12 18:53:10 +0600: Memory Usage (676540K) : Executing rule backmetal1_res_Acute
2026-09-12 18:53:10 +0600: Memory Usage (676540K) : Executing rule backmetal1_iprobe_Acute
2026-09-12 18:53:10 +0600: Memory Usage (676540K) : Executing rule backmetal1_diffprb_Acute
2026-09-12 18:53:10 +0600: Memory Usage (676540K) : Executing rule backpassiv_drw_Acute
2026-09-12 18:53:10 +0600: Memory Usage (676540K) : Executing rule salblock_drw_Acute
2026-09-12 18:53:10 +0600: Memory Usage (676540K) : Executing rule via2_drw_Acute
2026-09-12 18:53:11 +0600: Memory Usage (678332K) : Executing rule metal3_drw_Acute
2026-09-12 18:53:11 +0600: Memory Usage (677564K) : Executing rule metal3_pin_Acute
2026-09-12 18:53:11 +0600: Memory Usage (677564K) : Executing rule metal3_mask_Acute
2026-09-12 18:53:11 +0600: Memory Usage (677564K) : Executing rule metal3_filler_Acute
2026-09-12 18:53:11 +0600: Memory Usage (677564K) : Executing rule metal3_nofill_Acute
2026-09-12 18:53:11 +0600: Memory Usage (677564K) : Executing rule metal3_slit_Acute
2026-09-12 18:53:11 +0600: Memory Usage (677564K) : Executing rule metal3_opc_Acute
2026-09-12 18:53:11 +0600: Memory Usage (677564K) : Executing rule metal3_noqrc_Acute
2026-09-12 18:53:11 +0600: Memory Usage (677564K) : Executing rule metal3_res_Acute
2026-09-12 18:53:11 +0600: Memory Usage (677564K) : Executing rule metal3_iprobe_Acute
2026-09-12 18:53:11 +0600: Memory Usage (677564K) : Executing rule metal3_diffprb_Acute
2026-09-12 18:53:11 +0600: Memory Usage (677564K) : Executing rule nwell_drw_Acute
2026-09-12 18:53:11 +0600: Memory Usage (677564K) : Executing rule nwell_pin_Acute
2026-09-12 18:53:11 +0600: Memory Usage (677564K) : Executing rule nbulay_drw_Acute
2026-09-12 18:53:11 +0600: Memory Usage (677564K) : Executing rule nbulay_pin_Acute
2026-09-12 18:53:11 +0600: Memory Usage (677564K) : Executing rule nbulay_block_Acute
2026-09-12 18:53:11 +0600: Memory Usage (677564K) : Executing rule pwell_drw_Acute
2026-09-12 18:53:11 +0600: Memory Usage (677564K) : Executing rule pwell_pin_Acute
2026-09-12 18:53:11 +0600: Memory Usage (677564K) : Executing rule pwell_block_Acute
2026-09-12 18:53:11 +0600: Memory Usage (677564K) : Executing rule emwind_drw_Acute
2026-09-12 18:53:11 +0600: Memory Usage (677564K) : Executing rule emwind_opc_Acute
2026-09-12 18:53:11 +0600: Memory Usage (677564K) : Executing rule deepco_drw_Acute
2026-09-12 18:53:11 +0600: Memory Usage (677564K) : Executing rule mim_drw_Acute
2026-09-12 18:53:11 +0600: Memory Usage (677564K) : Executing rule substrate_drw_Acute
2026-09-12 18:53:11 +0600: Memory Usage (677564K) : Executing rule ic_drw_Acute
2026-09-12 18:53:11 +0600: Memory Usage (677564K) : Executing rule via3_drw_Acute
2026-09-12 18:53:13 +0600: Memory Usage (678332K) : Executing rule pldb_drw_Acute
2026-09-12 18:53:13 +0600: Memory Usage (678332K) : Executing rule metal4_drw_Acute
2026-09-12 18:53:13 +0600: Memory Usage (677564K) : Executing rule metal4_pin_Acute
2026-09-12 18:53:13 +0600: Memory Usage (677564K) : Executing rule metal4_mask_Acute
2026-09-12 18:53:13 +0600: Memory Usage (677564K) : Executing rule metal4_filler_Acute
2026-09-12 18:53:13 +0600: Memory Usage (677564K) : Executing rule metal4_nofill_Acute
2026-09-12 18:53:13 +0600: Memory Usage (677564K) : Executing rule metal4_slit_Acute
2026-09-12 18:53:13 +0600: Memory Usage (677564K) : Executing rule metal4_opc_Acute
2026-09-12 18:53:13 +0600: Memory Usage (677564K) : Executing rule metal4_noqrc_Acute
2026-09-12 18:53:13 +0600: Memory Usage (677564K) : Executing rule metal4_res_Acute
2026-09-12 18:53:13 +0600: Memory Usage (677564K) : Executing rule metal4_iprobe_Acute
2026-09-12 18:53:13 +0600: Memory Usage (677564K) : Executing rule metal4_diffprb_Acute
2026-09-12 18:53:13 +0600: Memory Usage (677564K) : Executing rule via4_drw_Acute
2026-09-12 18:53:18 +0600: Memory Usage (682116K) : Executing rule metal5_drw_Acute
2026-09-12 18:53:18 +0600: Memory Usage (682116K) : Executing rule metal5_pin_Acute
2026-09-12 18:53:18 +0600: Memory Usage (682116K) : Executing rule metal5_mask_Acute
2026-09-12 18:53:18 +0600: Memory Usage (682116K) : Executing rule metal5_filler_Acute
2026-09-12 18:53:18 +0600: Memory Usage (682116K) : Executing rule metal5_nofill_Acute
2026-09-12 18:53:18 +0600: Memory Usage (682116K) : Executing rule metal5_slit_Acute
2026-09-12 18:53:18 +0600: Memory Usage (682116K) : Executing rule metal5_opc_Acute
2026-09-12 18:53:18 +0600: Memory Usage (682116K) : Executing rule metal5_noqrc_Acute
2026-09-12 18:53:18 +0600: Memory Usage (682116K) : Executing rule metal5_res_Acute
2026-09-12 18:53:18 +0600: Memory Usage (682116K) : Executing rule metal5_iprobe_Acute
2026-09-12 18:53:18 +0600: Memory Usage (682116K) : Executing rule metal5_diffprb_Acute
2026-09-12 18:53:18 +0600: Memory Usage (682116K) : Executing rule prboundary_drw_Acute
2026-09-12 18:53:18 +0600: Memory Usage (682116K) : Executing rule exchange0_drw_Acute
2026-09-12 18:53:18 +0600: Memory Usage (682116K) : Executing rule exchange0_pin_Acute
2026-09-12 18:53:18 +0600: Memory Usage (682116K) : Executing rule exchange1_drw_Acute
2026-09-12 18:53:18 +0600: Memory Usage (682116K) : Executing rule exchange1_pin_Acute
2026-09-12 18:53:18 +0600: Memory Usage (682116K) : Executing rule exchange2_drw_Acute
2026-09-12 18:53:18 +0600: Memory Usage (682116K) : Executing rule exchange2_pin_Acute
2026-09-12 18:53:18 +0600: Memory Usage (682116K) : Executing rule exchange3_drw_Acute
2026-09-12 18:53:18 +0600: Memory Usage (682116K) : Executing rule exchange3_pin_Acute
2026-09-12 18:53:18 +0600: Memory Usage (682116K) : Executing rule exchange4_drw_Acute
2026-09-12 18:53:18 +0600: Memory Usage (682116K) : Executing rule exchange4_pin_Acute
2026-09-12 18:53:18 +0600: Memory Usage (682116K) : Executing rule isonwell_drw_Acute
2026-09-12 18:53:18 +0600: Memory Usage (682116K) : Executing rule thickgateox_drw_Acute
2026-09-12 18:53:18 +0600: Memory Usage (682116K) : Executing rule pempoly_drw_Acute
2026-09-12 18:53:18 +0600: Memory Usage (682116K) : Executing rule fbe_drw_Acute
2026-09-12 18:53:18 +0600: Memory Usage (682116K) : Executing rule empoly_drw_Acute
2026-09-12 18:53:18 +0600: Memory Usage (682116K) : Executing rule ldmos_drw_Acute
2026-09-12 18:53:18 +0600: Memory Usage (682116K) : Executing rule pbiwind_drw_Acute
2026-09-12 18:53:18 +0600: Memory Usage (682116K) : Executing rule colopen_drw_Acute
2026-09-12 18:53:18 +0600: Memory Usage (682116K) : Executing rule extblock_drw_Acute
2026-09-12 18:53:18 +0600: Memory Usage (682116K) : Executing rule nldd_drw_Acute
2026-09-12 18:53:18 +0600: Memory Usage (682116K) : Executing rule pldd_drw_Acute
2026-09-12 18:53:18 +0600: Memory Usage (682116K) : Executing rule next_drw_Acute
2026-09-12 18:53:18 +0600: Memory Usage (682116K) : Executing rule pext_drw_Acute
2026-09-12 18:53:18 +0600: Memory Usage (682116K) : Executing rule nexthv_drw_Acute
2026-09-12 18:53:18 +0600: Memory Usage (682116K) : Executing rule pexthv_drw_Acute
2026-09-12 18:53:18 +0600: Memory Usage (682116K) : Executing rule graphgate_drw_Acute
2026-09-12 18:53:18 +0600: Memory Usage (682116K) : Executing rule mempad_drw_Acute
2026-09-12 18:53:18 +0600: Memory Usage (682116K) : Executing rule topvia1_drw_Acute
2026-09-12 18:53:18 +0600: Memory Usage (682116K) : Executing rule topmetal1_drw_Acute
2026-09-12 18:53:19 +0600: Memory Usage (682116K) : Executing rule topmetal1_pin_Acute
2026-09-12 18:53:19 +0600: Memory Usage (682116K) : Executing rule topmetal1_mask_Acute
2026-09-12 18:53:19 +0600: Memory Usage (682116K) : Executing rule topmetal1_filler_Acute
2026-09-12 18:53:19 +0600: Memory Usage (682116K) : Executing rule topmetal1_nofill_Acute
2026-09-12 18:53:19 +0600: Memory Usage (682116K) : Executing rule topmetal1_slit_Acute
2026-09-12 18:53:19 +0600: Memory Usage (682116K) : Executing rule topmetal1_noqrc_Acute
2026-09-12 18:53:19 +0600: Memory Usage (682116K) : Executing rule topmetal1_res_Acute
2026-09-12 18:53:19 +0600: Memory Usage (682116K) : Executing rule topmetal1_iprobe_Acute
2026-09-12 18:53:19 +0600: Memory Usage (682116K) : Executing rule topmetal1_diffprb_Acute
2026-09-12 18:53:19 +0600: Memory Usage (682116K) : Executing rule inldpwl_drw_Acute
2026-09-12 18:53:19 +0600: Memory Usage (682116K) : Executing rule polyres_drw_Acute
2026-09-12 18:53:19 +0600: Memory Usage (682116K) : Executing rule polyres_pin_Acute
2026-09-12 18:53:19 +0600: Memory Usage (682116K) : Executing rule vmim_drw_Acute
2026-09-12 18:53:19 +0600: Memory Usage (682116K) : Executing rule nbulaycut_drw_Acute
2026-09-12 18:53:19 +0600: Memory Usage (682116K) : Executing rule antmetal1_drw_Acute
2026-09-12 18:53:19 +0600: Memory Usage (682116K) : Executing rule topvia2_drw_Acute
2026-09-12 18:53:19 +0600: Memory Usage (682372K) : Executing rule topmetal2_drw_Acute
2026-09-12 18:53:19 +0600: Memory Usage (682372K) : Executing rule topmetal2_pin_Acute
2026-09-12 18:53:19 +0600: Memory Usage (680580K) : Executing rule topmetal2_mask_Acute
2026-09-12 18:53:19 +0600: Memory Usage (680580K) : Executing rule topmetal2_filler_Acute
2026-09-12 18:53:19 +0600: Memory Usage (680580K) : Executing rule topmetal2_nofill_Acute
2026-09-12 18:53:19 +0600: Memory Usage (680580K) : Executing rule topmetal2_slit_Acute
2026-09-12 18:53:19 +0600: Memory Usage (680580K) : Executing rule topmetal2_noqrc_Acute
2026-09-12 18:53:19 +0600: Memory Usage (680580K) : Executing rule topmetal2_res_Acute
2026-09-12 18:53:19 +0600: Memory Usage (680580K) : Executing rule topmetal2_iprobe_Acute
2026-09-12 18:53:19 +0600: Memory Usage (680580K) : Executing rule topmetal2_diffprb_Acute
2026-09-12 18:53:19 +0600: Memory Usage (680580K) : Executing rule snsring_drw_Acute
2026-09-12 18:53:19 +0600: Memory Usage (680580K) : Executing rule sensor_drw_Acute
2026-09-12 18:53:19 +0600: Memory Usage (680580K) : Executing rule snsarms_drw_Acute
2026-09-12 18:53:19 +0600: Memory Usage (680580K) : Executing rule snscmosvia_drw_Acute
2026-09-12 18:53:19 +0600: Memory Usage (680580K) : Executing rule colwind_drw_Acute
2026-09-12 18:53:19 +0600: Memory Usage (680580K) : Executing rule flm_drw_Acute
2026-09-12 18:53:19 +0600: Memory Usage (680580K) : Executing rule hafniumox_drw_Acute
2026-09-12 18:53:19 +0600: Memory Usage (680580K) : Executing rule memvia_drw_Acute
2026-09-12 18:53:19 +0600: Memory Usage (680580K) : Executing rule thinfilmres_drw_Acute
2026-09-12 18:53:19 +0600: Memory Usage (680580K) : Executing rule rfmem_drw_Acute
2026-09-12 18:53:19 +0600: Memory Usage (680580K) : Executing rule snsbotvia_drw_Acute
2026-09-12 18:53:19 +0600: Memory Usage (680580K) : Executing rule snstopvia_drw_Acute
2026-09-12 18:53:19 +0600: Memory Usage (680580K) : Executing rule deepvia_drw_Acute
2026-09-12 18:53:19 +0600: Memory Usage (680580K) : Executing rule fgetch_drw_Acute
2026-09-12 18:53:19 +0600: Memory Usage (680580K) : Executing rule ctrgat_drw_Acute
2026-09-12 18:53:19 +0600: Memory Usage (680580K) : Executing rule fgimp_drw_Acute
2026-09-12 18:53:19 +0600: Memory Usage (680580K) : Executing rule emwihv_drw_Acute
2026-09-12 18:53:19 +0600: Memory Usage (680580K) : Executing rule lbe_drw_Acute
2026-09-12 18:53:19 +0600: Memory Usage (680580K) : Executing rule alcustop_drw_Acute
2026-09-12 18:53:19 +0600: Memory Usage (680580K) : Executing rule cont_drw_Angle90
2026-09-12 18:53:19 +0600: Memory Usage (680580K) : Executing rule via1_drw_Angle90
2026-09-12 18:53:21 +0600: Memory Usage (736368K) : Executing rule via2_drw_Angle90
2026-09-12 18:53:23 +0600: Memory Usage (736608K) : Executing rule via3_drw_Angle90
2026-09-12 18:53:24 +0600: Memory Usage (736608K) : Executing rule via4_drw_Angle90
2026-09-12 18:53:26 +0600: Memory Usage (736352K) : Executing rule vmim_drw_Angle90
2026-09-12 18:53:26 +0600: Memory Usage (736352K) : Executing rule topvia1_drw_Angle90
2026-09-12 18:53:26 +0600: Memory Usage (736352K) : Executing rule topvia2_drw_Angle90
2026-09-12 18:53:27 +0600: Memory Usage (736352K) : Executing rule gatpoly_drw_Angle45
2026-09-12 18:53:27 +0600: Memory Usage (736352K) : Executing rule activ_drw_Angle45
2026-09-12 18:53:27 +0600: Memory Usage (736352K) : Executing rule metal1_drw_Angle45
2026-09-12 18:53:27 +0600: Memory Usage (736352K) : Executing rule metal2_drw_Angle45
2026-09-12 18:53:28 +0600: Memory Usage (736352K) : Executing rule metal3_drw_Angle45
2026-09-12 18:53:29 +0600: Memory Usage (736352K) : Executing rule metal4_drw_Angle45
2026-09-12 18:53:30 +0600: Memory Usage (736352K) : Executing rule metal5_drw_Angle45
2026-09-12 18:53:30 +0600: Memory Usage (736352K) : Executing rule topmetal1_drw_Angle45
2026-09-12 18:53:30 +0600: Memory Usage (736352K) : Executing rule topmetal2_drw_Angle45
2026-09-12 18:53:31 +0600: Memory Usage (736352K) : Starting 3.2. FORBIDDEN table
2026-09-12 18:53:31 +0600: Memory Usage (736352K) : Executing rule forbidden.biwind
2026-09-12 18:53:31 +0600: Memory Usage (736352K) : Executing rule forbidden.pemwind
2026-09-12 18:53:31 +0600: Memory Usage (736352K) : Executing rule forbidden.baspoly
2026-09-12 18:53:31 +0600: Memory Usage (736352K) : Executing rule forbidden.deepco
2026-09-12 18:53:31 +0600: Memory Usage (736352K) : Executing rule forbidden.pempoly
2026-09-12 18:53:31 +0600: Memory Usage (736352K) : Executing rule forbidden.empoly
2026-09-12 18:53:31 +0600: Memory Usage (736352K) : Executing rule forbidden.ldmos
2026-09-12 18:53:31 +0600: Memory Usage (736352K) : Executing rule forbidden.pbiwind
2026-09-12 18:53:31 +0600: Memory Usage (736352K) : Executing rule forbidden.nodrc
2026-09-12 18:53:31 +0600: Memory Usage (736352K) : Executing rule forbidden.flash
2026-09-12 18:53:31 +0600: Memory Usage (736352K) : Executing rule forbidden.colwind
2026-09-12 18:53:31 +0600: Memory Usage (736352K) : KLayout DRC run for tables 'main' completed in 58.98 seconds
